Component: Arm Compiler for Embedded 6.19 Tool: armlink [5e73cb00]

==============================================================================

Section Cross References

    main.o(.text.main) refers to lcd.o(.text.LCD_init) for LCD_init
    main.o(.text.main) refers to gpio.o(.text.GPIO_EnableClock) for GPIO_EnableClock
    main.o(.text.main) refers to gpio.o(.text.GPIO_Init) for GPIO_Init
    main.o(.text.main) refers to exti.o(.text.EXTI_EnableClock) for EXTI_EnableClock
    main.o(.text.main) refers to exti.o(.text.EXIT_INIT) for EXIT_INIT
    main.o(.text.main) refers to exti.o(.text.NVIC_ConfigIRQ) for NVIC_ConfigIRQ
    main.o(.text.main) refers to main.o(.text.__NVIC_EnableIRQ) for __NVIC_EnableIRQ
    main.o(.text.main) refers to main.o(.data.freq) for freq
    main.o(.ARM.exidx.text.main) refers to main.o(.text.main) for [Anonymous Symbol]
    main.o(.ARM.exidx.text.__NVIC_EnableIRQ) refers to main.o(.text.__NVIC_EnableIRQ) for [Anonymous Symbol]
    main.o(.text.TIM2_IRQHandler) refers to lcd.o(.text.LCD_clear) for LCD_clear
    main.o(.text.TIM2_IRQHandler) refers to main.o(.data.line) for line
    main.o(.text.TIM2_IRQHandler) refers to main.o(.text.LCD_print_KHPA) for LCD_print_KHPA
    main.o(.ARM.exidx.text.TIM2_IRQHandler) refers to main.o(.text.TIM2_IRQHandler) for [Anonymous Symbol]
    main.o(.text.LCD_print_KHPA) refers to main.o(.text.pascal) for pascal
    main.o(.text.LCD_print_KHPA) refers to lcd.o(.text.LCD_print_number) for LCD_print_number
    main.o(.text.LCD_print_KHPA) refers to main.o(.rodata.str1.1) for .L.str
    main.o(.text.LCD_print_KHPA) refers to lcd.o(.text.LCD_print_string) for LCD_print_string
    main.o(.ARM.exidx.text.LCD_print_KHPA) refers to main.o(.text.LCD_print_KHPA) for [Anonymous Symbol]
    main.o(.ARM.exidx.text.pascal) refers to main.o(.text.pascal) for [Anonymous Symbol]
    main.o(.text.EXTI15_10_IRQHandler) refers to main.o(.text.__NVIC_ClearPendingIRQ) for __NVIC_ClearPendingIRQ
    main.o(.text.EXTI15_10_IRQHandler) refers to gpio.o(.text.GPIO_ReadPin) for GPIO_ReadPin
    main.o(.text.EXTI15_10_IRQHandler) refers to main.o(.data.freq) for freq
    main.o(.text.EXTI15_10_IRQHandler) refers to d2f.o(x$fpl$d2f) for __aeabi_d2f
    main.o(.ARM.exidx.text.EXTI15_10_IRQHandler) refers to main.o(.text.EXTI15_10_IRQHandler) for [Anonymous Symbol]
    main.o(.ARM.exidx.text.__NVIC_ClearPendingIRQ) refers to main.o(.text.__NVIC_ClearPendingIRQ) for [Anonymous Symbol]
    lcd.o(.text.LCD_print_number) refers to lcd.o(.text.digit_count) for digit_count
    lcd.o(.text.LCD_print_number) refers to h1_alloc.o(.text) for malloc
    lcd.o(.text.LCD_print_number) refers to lcd.o(.rodata.str1.1) for .L.str
    lcd.o(.text.LCD_print_number) refers to sprintf.o(.text) for sprintf
    lcd.o(.text.LCD_print_number) refers to lcd.o(.text.LCD_print_string) for LCD_print_string
    lcd.o(.ARM.exidx.text.LCD_print_number) refers to lcd.o(.text.LCD_print_number) for [Anonymous Symbol]
    lcd.o(.ARM.exidx.text.digit_count) refers to lcd.o(.text.digit_count) for [Anonymous Symbol]
    lcd.o(.text.LCD_print_string) refers to lcd.o(.text.LCD_data) for LCD_data
    lcd.o(.ARM.exidx.text.LCD_print_string) refers to lcd.o(.text.LCD_print_string) for [Anonymous Symbol]
    lcd.o(.text.LCD_data) refers to lcd.o(.text.LCD_ready) for LCD_ready
    lcd.o(.text.LCD_data) refers to lcd.o(.text.delayMs) for delayMs
    lcd.o(.text.LCD_data) refers to lcd.o(.bss.printed_length) for printed_length
    lcd.o(.text.LCD_data) refers to lcd.o(.text.LCD_command) for LCD_command
    lcd.o(.ARM.exidx.text.LCD_data) refers to lcd.o(.text.LCD_data) for [Anonymous Symbol]
    lcd.o(.text.LCD_clear) refers to lcd.o(.text.LCD_command) for LCD_command
    lcd.o(.text.LCD_clear) refers to lcd.o(.bss.printed_length) for printed_length
    lcd.o(.ARM.exidx.text.LCD_clear) refers to lcd.o(.text.LCD_clear) for [Anonymous Symbol]
    lcd.o(.text.LCD_command) refers to lcd.o(.text.LCD_ready) for LCD_ready
    lcd.o(.text.LCD_command) refers to lcd.o(.text.delayMs) for delayMs
    lcd.o(.ARM.exidx.text.LCD_command) refers to lcd.o(.text.LCD_command) for [Anonymous Symbol]
    lcd.o(.text.LCD_init) refers to lcd.o(.text.PORTS_init) for PORTS_init
    lcd.o(.text.LCD_init) refers to lcd.o(.text.delayMs) for delayMs
    lcd.o(.text.LCD_init) refers to lcd.o(.text.LCD_command_noPoll) for LCD_command_noPoll
    lcd.o(.text.LCD_init) refers to lcd.o(.text.LCD_command) for LCD_command
    lcd.o(.ARM.exidx.text.LCD_init) refers to lcd.o(.text.LCD_init) for [Anonymous Symbol]
    lcd.o(.ARM.exidx.text.PORTS_init) refers to lcd.o(.text.PORTS_init) for [Anonymous Symbol]
    lcd.o(.ARM.exidx.text.delayMs) refers to lcd.o(.text.delayMs) for [Anonymous Symbol]
    lcd.o(.text.LCD_command_noPoll) refers to lcd.o(.text.delayMs) for delayMs
    lcd.o(.ARM.exidx.text.LCD_command_noPoll) refers to lcd.o(.text.LCD_command_noPoll) for [Anonymous Symbol]
    lcd.o(.text.LCD_ready) refers to lcd.o(.text.delayMs) for delayMs
[...]
    ../clib/printf_percent.s                 0x00000000   Number         0  _printf_c.o ABSOLUTE
    ../clib/printf_percent.s                 0x00000000   Number         0  _printf_s.o ABSOLUTE
    ../clib/printf_percent.s                 0x00000000   Number         0  _printf_n.o ABSOLUTE
    ../clib/printf_percent.s                 0x00000000   Number         0  _printf_x.o ABSOLUTE
    ../clib/printf_percent.s                 0x00000000   Number         0  _printf_p.o ABSOLUTE
    ../clib/printf_percent.s                 0x00000000   Number         0  _printf_o.o ABSOLUTE
    ../clib/printf_percent.s                 0x00000000   Number         0  _printf_i.o ABSOLUTE
    ../clib/printf_percent.s                 0x00000000   Number         0  _printf_d.o ABSOLUTE
    ../clib/printf_percent.s                 0x00000000   Number         0  _printf_u.o ABSOLUTE
    ../clib/printf_percent.s                 0x00000000   Number         0  _printf_f.o ABSOLUTE
    ../clib/printf_percent.s                 0x00000000   Number         0  _printf_e.o ABSOLUTE
    ../clib/printf_percent.s                 0x00000000   Number         0  _printf_g.o ABSOLUTE
    ../clib/printf_percent.s                 0x00000000   Number         0  _printf_a.o ABSOLUTE
    ../clib/printf_percent.s                 0x00000000   Number         0  _printf_percent.o ABSOLUTE
    ../clib/printf_percent.s                 0x00000000   Number         0  _printf_lli.o ABSOLUTE
    ../clib/printf_percent.s                 0x00000000   Number         0  _printf_lld.o ABSOLUTE
    ../clib/printf_percent.s                 0x00000000   Number         0  _printf_llu.o ABSOLUTE
    ../clib/printf_percent.s                 0x00000000   Number         0  _printf_ll.o ABSOLUTE
    ../clib/printf_percent.s                 0x00000000   Number         0  _printf_l.o ABSOLUTE
    ../clib/printf_percent.s                 0x00000000   Number         0  _printf_lc.o ABSOLUTE
    ../clib/printf_percent.s                 0x00000000   Number         0  _printf_ls.o ABSOLUTE
    ../clib/printf_percent.s                 0x00000000   Number         0  _printf_llo.o ABSOLUTE
    ../clib/printf_percent.s                 0x00000000   Number         0  _printf_llx.o ABSOLUTE
    ../clib/printf_percent.s                 0x00000000   Number         0  _printf_percent_end.o ABSOLUTE
    ../clib/signal.c                         0x00000000   Number         0  defsig_rtmem_outer.o ABSOLUTE
    ../clib/signal.c                         0x00000000   Number         0  defsig_rtmem_formal.o ABSOLUTE
    ../clib/signal.c                         0x00000000   Number         0  defsig_exit.o ABSOLUTE
    ../clib/signal.c                         0x00000000   Number         0  defsig_rtmem_inner.o ABSOLUTE
    ../clib/signal.c                         0x00000000   Number         0  __raise.o ABSOLUTE
    ../clib/signal.c                         0x00000000   Number         0  defsig_general.o ABSOLUTE
    ../clib/signal.c                         0x00000000   Number         0  defsig_abrt_inner.o ABSOLUTE
    ../clib/signal.c                         0x00000000   Number         0  defsig_fpe_inner.o ABSOLUTE
    ../clib/signal.c                         0x00000000   Number         0  defsig_rtred_inner.o ABSOLUTE
    ../clib/signal.c                         0x00000000   Number         0  defsig_stak_inner.o ABSOLUTE
    ../clib/signal.c                         0x00000000   Number         0  defsig_pvfn_inner.o ABSOLUTE
    ../clib/signal.c                         0x00000000   Number         0  defsig_cppl_inner.o ABSOLUTE
    ../clib/signal.c                         0x00000000   Number         0  defsig_segv_inner.o ABSOLUTE
    ../clib/signal.c                         0x00000000   Number         0  defsig_other.o ABSOLUTE
    ../clib/signal.s                         0x00000000   Number         0  defsig.o ABSOLUTE
    ../clib/stdlib.c                         0x00000000   Number         0  exit.o ABSOLUTE
    ../fplib/d2f.s                           0x00000000   Number         0  d2f.o ABSOLUTE
    ../fplib/dnaninf.s                       0x00000000   Number         0  dnaninf.o ABSOLUTE
    ../fplib/fpinit.s                        0x00000000   Number         0  fpinit.o ABSOLUTE
    ../fplib/fretinf.s                       0x00000000   Number         0  fretinf.o ABSOLUTE
    ../fplib/istatus.s                       0x00000000   Number         0  istatus.o ABSOLUTE
    ../fplib/printf1.s                       0x00000000   Number         0  printf1.o ABSOLUTE
    ../fplib/printf2.s                       0x00000000   Number         0  printf2.o ABSOLUTE
    ../fplib/printf2a.s                      0x00000000   Number         0  printf2a.o ABSOLUTE
    ../fplib/printf2b.s                      0x00000000   Number         0  printf2b.o ABSOLUTE
    ../fplib/usenofp.s                       0x00000000   Number         0  usenofp.o ABSOLUTE
    ../mathlib/fpclassify.c                  0x00000000   Number         0  fpclassify.o ABSOLUTE
    EXTI.c                                   0x00000000   Number         0  exti.o ABSOLUTE
    GPIO.c                                   0x00000000   Number         0  gpio.o ABSOLUTE
    LCD.c                                    0x00000000   Number         0  lcd.o ABSOLUTE
    RTE/Device/STM32F401RETx/startup_stm32f401xe.s 0x00000000   Number         0  startup_stm32f401xe.o ABSOLUTE
    dc.s                                     0x00000000   Number         0  dc.o ABSOLUTE
    main.c                                   0x00000000   Number         0  main.o ABSOLUTE
    system_stm32f4xx.c                       0x00000000   Number         0  system_stm32f4xx.o ABSOLUTE
    RESET                                    0x08000000   Section      404  startup_stm32f401xe.o(RESET)
    !!!main                                  0x08000194   Section        8  __main.o(!!!main)
    !!!scatter                               0x0800019c   Section       52  __scatter.o(!!!scatter)
    !!handler_copy                           0x080001d0   Section       26  __scatter_copy.o(!!handler_copy)
    !!handler_zi                             0x080001ec   Section       28  __scatter_zi.o(!!handler_zi)
    .ARM.Collect$$_printf_percent$$00000000  0x08000208   Section        0  _printf_percent.o(.ARM.Collect$$_printf_percent$$00000000)
    .ARM.Collect$$_printf_percent$$00000001  0x08000208   Section        6  _printf_n.o(.ARM.Collect$$_printf_percent$$00000001)
    .ARM.Collect$$_printf_percent$$00000002  0x0800020e   Section        6  _printf_p.o(.ARM.Collect$$_printf_percent$$00000002)
    .ARM.Collect$$_printf_percent$$00000003  0x08000214   Section        6  _printf_f.o(.ARM.Collect$$_printf_percent$$00000003)
    .ARM.Collect$$_printf_percent$$00000004  0x0800021a   Section        6  _printf_e.o(.ARM.Collect$$_printf_percent$$00000004)
    .ARM.Collect$$_printf_percent$$00000005  0x08000220   Section        6  _printf_g.o(.ARM.Collect$$_printf_percent$$00000005)
    .ARM.Collect$$_printf_percent$$00000006  0x08000226   Section        6  _printf_a.o(.ARM.Collect$$_printf_percent$$00000006)
    .ARM.Collect$$_printf_percent$$00000007  0x0800022c   Section       10  _printf_ll.o(.ARM.Collect$$_printf_percent$$00000007)
    .ARM.Collect$$_printf_percent$$00000008  0x08000236   Section        6  _printf_i.o(.ARM.Collect$$_printf_percent$$00000008)
    .ARM.Collect$$_printf_percent$$00000009  0x0800023c   Section        6  _printf_d.o(.ARM.Collect$$_printf_percent$$00000009)
    .ARM.Collect$$_printf_percent$$0000000A  0x08000242   Section        6  _printf_u.o(.ARM.Collect$$_printf_percent$$0000000A)
    .ARM.Collect$$_printf_percent$$0000000B  0x08000248   Section        6  _printf_o.o(.ARM.Collect$$_printf_percent$$0000000B)
    .ARM.Collect$$_printf_percent$$0000000C  0x0800024e   Section        6  _printf_x.o(.ARM.Collect$$_printf_percent$$0000000C)
    .ARM.Collect$$_printf_percent$$0000000D  0x08000254   Section        6  _printf_lli.o(.ARM.Collect$$_printf_percent$$0000000D)
    .ARM.Collect$$_printf_percent$$0000000E  0x0800025a   Section        6  _printf_lld.o(.ARM.Collect$$_printf_percent$$0000000E)
    .ARM.Collect$$_printf_percent$$0000000F  0x08000260   Section        6  _printf_llu.o(.ARM.Collect$$_printf_percent$$0000000F)
    .ARM.Collect$$_printf_percent$$00000010  0x08000266   Section        6  _printf_llo.o(.ARM.Collect$$_printf_percent$$00000010)
    .ARM.Collect$$_printf_percent$$00000011  0x0800026c   Section        6  _printf_llx.o(.ARM.Collect$$_printf_percent$$00000011)
    .ARM.Collect$$_printf_percent$$00000012  0x08000272   Section       10  _printf_l.o(.ARM.Collect$$_printf_percent$$00000012)
    .ARM.Collect$$_printf_percent$$00000013  0x0800027c   Section        6  _printf_c.o(.ARM.Collect$$_printf_percent$$00000013)
    .ARM.Collect$$_printf_percent$$00000014  0x08000282   Section        6  _printf_s.o(.ARM.Collect$$_printf_percent$$00000014)
    .ARM.Collect$$_printf_percent$$00000015  0x08000288   Section        6  _printf_lc.o(.ARM.Collect$$_printf_percent$$00000015)
    .ARM.Collect$$_printf_percent$$00000016  0x0800028e   Section        6  _printf_ls.o(.ARM.Collect$$_printf_percent$$00000016)
    .ARM.Collect$$_printf_percent$$00000017  0x08000294   Section        4  _printf_percent_end.o(.ARM.Collect$$_printf_percent$$00000017)
    .ARM.Collect$$libinit$$00000000          0x08000298   Section        2  libinit.o(.ARM.Collect$$libinit$$00000000)
    .ARM.Collect$$libinit$$00000001          0x0800029a   Section        4  libinit2.o(.ARM.Collect$$libinit$$00000001)
    .ARM.Collect$$libinit$$00000004          0x0800029e   Section        0  libinit2.o(.ARM.Collect$$libinit$$00000004)
    .ARM.Collect$$libinit$$00000006          0x0800029e   Section        0  libinit2.o(.ARM.Collect$$libinit$$00000006)
    .ARM.Collect$$libinit$$00000007          0x0800029e   Section        8  libinit2.o(.ARM.Collect$$libinit$$00000007)
    .ARM.Collect$$libinit$$0000000C          0x080002a6   Section        0  libinit2.o(.ARM.Collect$$libinit$$0000000C)
    .ARM.Collect$$libinit$$0000000E          0x080002a6   Section        0  libinit2.o(.ARM.Collect$$libinit$$0000000E)
    .ARM.Collect$$libinit$$00000010          0x080002a6   Section        0  libinit2.o(.ARM.Collect$$libinit$$00000010)
    .ARM.Collect$$libinit$$00000011          0x080002a6   Section        6  libinit2.o(.ARM.Collect$$libinit$$00000011)
    .ARM.Collect$$libinit$$00000013          0x080002ac   Section        0  libinit2.o(.ARM.Collect$$libinit$$00000013)
    .ARM.Collect$$libinit$$00000014          0x080002ac   Section       12  libinit2.o(.ARM.Collect$$libinit$$00000014)
    .ARM.Collect$$libinit$$00000015          0x080002b8   Section        0  libinit2.o(.ARM.Collect$$libinit$$00000015)
    .ARM.Collect$$libinit$$00000017          0x080002b8   Section        0  libinit2.o(.ARM.Collect$$libinit$$00000017)
    .ARM.Collect$$libinit$$00000018          0x080002b8   Section       10  libinit2.o(.ARM.Collect$$libinit$$00000018)
    .ARM.Collect$$libinit$$00000019          0x080002c2   Section        0  libinit2.o(.ARM.Collect$$libinit$$00000019)
    .ARM.Collect$$libinit$$0000001B          0x080002c2   Section        0  libinit2.o(.ARM.Collect$$libinit$$0000001B)
    .ARM.Collect$$libinit$$0000001D          0x080002c2   Section        0  libinit2.o(.ARM.Collect$$libinit$$0000001D)
    .ARM.Collect$$libinit$$0000001F          0x080002c2   Section        0  libinit2.o(.ARM.Collect$$libinit$$0000001F)
    .ARM.Collect$$libinit$$00000021          0x080002c2   Section        0  libinit2.o(.ARM.Collect$$libinit$$00000021)
    .ARM.Collect$$libinit$$00000023          0x080002c2   Section        0  libinit2.o(.ARM.Collect$$libinit$$00000023)
    .ARM.Collect$$libinit$$00000025          0x080002c2   Section        0  libinit2.o(.ARM.Collect$$libinit$$00000025)
    .ARM.Collect$$libinit$$00000027          0x080002c2   Section        0  libinit2.o(.ARM.Collect$$libinit$$00000027)
    .ARM.Collect$$libinit$$0000002E          0x080002c2   Section        0  libinit2.o(.ARM.Collect$$libinit$$0000002E)
    .ARM.Collect$$libinit$$00000030          0x080002c2   Section        0  libinit2.o(.ARM.Collect$$libinit$$00000030)
    .ARM.Collect$$libinit$$00000032          0x080002c2   Section        0  libinit2.o(.ARM.Collect$$libinit$$00000032)
    .ARM.Collect$$libinit$$00000034          0x080002c2   Section        0  libinit2.o(.ARM.Collect$$libinit$$00000034)
    .ARM.Collect$$libinit$$00000035          0x080002c2   Section        2  libinit2.o(.ARM.Collect$$libinit$$00000035)
    .ARM.Collect$$libshutdown$$00000000      0x080002c4   Section        2  libshutdown.o(.ARM.Collect$$libshutdown$$00000000)
    .ARM.Collect$$libshutdown$$00000002      0x080002c6   Section        0  libshutdown2.o(.ARM.Collect$$libshutdown$$00000002)
    .ARM.Collect$$libshutdown$$00000004      0x080002c6   Section        0  libshutdown2.o(.ARM.Collect$$libshutdown$$00000004)
    .ARM.Collect$$libshutdown$$00000007      0x080002c6   Section        0  libshutdown2.o(.ARM.Collect$$libshutdown$$00000007)
    .ARM.Collect$$libshutdown$$0000000A      0x080002c6   Section        0  libshutdown2.o(.ARM.Collect$$libshutdown$$0000000A)
    .ARM.Collect$$libshutdown$$0000000C      0x080002c6   Section        0  libshutdown2.o(.ARM.Collect$$libshutdown$$0000000C)
    .ARM.Collect$$libshutdown$$0000000F      0x080002c6   Section        0  libshutdown2.o(.ARM.Collect$$libshutdown$$0000000F)
    .ARM.Collect$$libshutdown$$00000010      0x080002c6   Section        2  libshutdown2.o(.ARM.Collect$$libshutdown$$00000010)
    .ARM.Collect$$rtentry$$00000000          0x080002c8   Section        0  __rtentry.o(.ARM.Collect$$rtentry$$00000000)
    .ARM.Collect$$rtentry$$00000002          0x080002c8   Section        0  __rtentry2.o(.ARM.Collect$$rtentry$$00000002)
    .ARM.Collect$$rtentry$$00000004          0x080002c8   Section        6  __rtentry4.o(.ARM.Collect$$rtentry$$00000004)
    .ARM.Collect$$rtentry$$00000009          0x080002ce   Section        0  __rtentry2.o(.ARM.Collect$$rtentry$$00000009)
    .ARM.Collect$$rtentry$$0000000A          0x080002ce   Section        4  __rtentry2.o(.ARM.Collect$$rtentry$$0000000A)
    .ARM.Collect$$rtentry$$0000000C          0x080002d2   Section        0  __rtentry2.o(.ARM.Collect$$rtentry$$0000000C)
    .ARM.Collect$$rtentry$$0000000D          0x080002d2   Section        8  __rtentry2.o(.ARM.Collect$$rtentry$$0000000D)
    .ARM.Collect$$rtexit$$00000000           0x080002da   Section        2  rtexit.o(.ARM.Collect$$rtexit$$00000000)
    .ARM.Collect$$rtexit$$00000002           0x080002dc   Section        0  rtexit2.o(.ARM.Collect$$rtexit$$00000002)
    .ARM.Collect$$rtexit$$00000003           0x080002dc   Section        4  rtexit2.o(.ARM.Collect$$rtexit$$00000003)
    .ARM.Collect$$rtexit$$00000004           0x080002e0   Section        6  rtexit2.o(.ARM.Collect$$rtexit$$00000004)
    $v0                                      0x080002e8   Number         0  startup_stm32f401xe.o(.text)
    .text                                    0x080002e8   Section       64  startup_stm32f401xe.o(.text)
    .text                                    0x08000328   Section        0  h1_alloc.o(.text)
    .text                                    0x08000388   Section        0  sprintf.o(.text)
    .text                                    0x080003b4   Section        0  heapauxi.o(.text)
    .text                                    0x080003bc   Section        8  rt_heap_descriptor_intlibspace.o(.text)
    .text                                    0x080003c4   Section        0  hguard.o(.text)
    .text                                    0x080003c8   Section        0  init_alloc.o(.text)
    .text                                    0x08000452   Section        0  h1_init.o(.text)
    .text                                    0x08000460   Section        0  h1_free.o(.text)
    .text                                    0x080004ae   Section        0  _printf_pad.o(.text)
    .text                                    0x080004fc   Section        0  _printf_truncate.o(.text)
    .text                                    0x08000520   Section        0  _printf_str.o(.text)
    .text                                    0x08000574   Section        0  _printf_dec.o(.text)
    .text                                    0x080005ec   Section        0  _printf_charcount.o(.text)
    _printf_input_char                       0x08000615   Thumb Code    10  _printf_char_common.o(.text)
    .text                                    0x08000614   Section        0  _printf_char_common.o(.text)
    .text                                    0x08000644   Section        0  _sputc.o(.text)
    .text                                    0x08000650   Section        0  _printf_wctomb.o(.text)
    .text                                    0x0800070c   Section        0  _printf_longlong_dec.o(.text)
    _printf_longlong_oct_internal            0x08000789   Thumb Code     0  _printf_oct_int_ll.o(.text)
    .text                                    0x08000788   Section        0  _printf_oct_int_ll.o(.text)
    _printf_hex_common                       0x080007f9   Thumb Code     0  _printf_hex_int_ll_ptr.o(.text)
    .text                                    0x080007f8   Section        0  _printf_hex_int_ll_ptr.o(.text)
    .text                                    0x0800088c   Section        0  __printf_flags_ss_wp.o(.text)
    .text                                    0x08000a14   Section        8  libspace.o(.text)
    .text                                    0x08000a1c   Section        0  maybetermalloc1.o(.text)
    .text                                    0x08000a1c   Section        0  h1_extend.o(.text)
    .text                                    0x08000a50   Section      138  lludiv10.o(.text)
    .text                                    0x08000ada   Section        0  _printf_intcommon.o(.text)
    _fp_digits                               0x08000b8d   Thumb Code   432  _printf_fp_dec.o(.text)
    .text                                    0x08000b8c   Section        0  _printf_fp_dec.o(.text)
    .text                                    0x08000fa8   Section        0  _printf_fp_hex.o(.text)
    .text                                    0x080012a4   Section        0  _printf_char.o(.text)
    .text                                    0x080012d0   Section        0  _printf_wchar.o(.text)
    .text                                    0x080012fc   Section        0  _c16rtomb.o(.text)
    .text                                    0x08001344   Section        0  defsig_rtmem_outer.o(.text)
    .text                                    0x08001352   Section        2  use_no_semi.o(.text)
    .text                                    0x08001354   Section        0  indicate_semi.o(.text)
    .text                                    0x08001354   Section       74  sys_stackheap_outer.o(.text)
    .text                                    0x080013a0   Section       16  rt_ctype_table.o(.text)
    .text                                    0x080013b0   Section        8  rt_locale_intlibspace.o(.text)
    .text                                    0x080013b8   Section        0  _printf_fp_infnan.o(.text)
    .text                                    0x08001438   Section        0  bigflt0.o(.text)
    .text                                    0x0800151c   Section        0  exit.o(.text)
    .text                                    0x0800152e   Section        0  defsig_exit.o(.text)
    .text                                    0x08001538   Section        0  defsig_rtmem_inner.o(.text)
    .text                                    0x08001588   Section        0  sys_exit.o(.text)
    .text                                    0x08001594   Section        0  defsig_general.o(.text)
    .text                                    0x080015c8   Section      124  strcmpv7em.o(.text)
    .text                                    0x08001644   Section        0  sys_wrch.o(.text)
    [Anonymous Symbol]                       0x08001654   Section        0  exti.o(.text.EXIT_INIT)
    [Anonymous Symbol]                       0x080016f8   Section        0  main.o(.text.EXTI15_10_IRQHandler)
    [Anonymous Symbol]                       0x08001790   Section        0  exti.o(.text.EXTI_EnableClock)
    [Anonymous Symbol]                       0x080017a4   Section        0  gpio.o(.text.GPIO_EnableClock)
    [Anonymous Symbol]                       0x080017c8   Section        0  gpio.o(.text.GPIO_Init)
    [Anonymous Symbol]                       0x080018b8   Section        0  gpio.o(.text.GPIO_ReadPin)
    [Anonymous Symbol]                       0x080018e8   Section        0  lcd.o(.text.LCD_clear)
    [Anonymous Symbol]                       0x08001900   Section        0  lcd.o(.text.LCD_command)
    [Anonymous Symbol]                       0x08001940   Section        0  lcd.o(.text.LCD_command_noPoll)
    [Anonymous Symbol]                       0x0800197c   Section        0  lcd.o(.text.LCD_data)
    [Anonymous Symbol]                       0x080019e0   Section        0  lcd.o(.text.LCD_init)
    [Anonymous Symbol]                       0x08001a2c   Section        0  main.o(.text.LCD_print_KHPA)
    [Anonymous Symbol]                       0x08001a68   Section        0  lcd.o(.text.LCD_print_number)
    [Anonymous Symbol]                       0x08001a98   Section        0  lcd.o(.text.LCD_print_string)
    [Anonymous Symbol]                       0x08001ac8   Section        0  lcd.o(.text.LCD_ready)
    [Anonymous Symbol]                       0x08001b58   Section        0  exti.o(.text.NVIC_ConfigIRQ)
    [Anonymous Symbol]                       0x08001b80   Section        0  lcd.o(.text.PORTS_init)
    [Anonymous Symbol]                       0x08001bd4   Section        0  system_stm32f4xx.o(.text.SystemInit)
    [Anonymous Symbol]                       0x08001be8   Section        0  main.o(.text.TIM2_IRQHandler)
    __NVIC_ClearPendingIRQ                   0x08001c71   Thumb Code    48  main.o(.text.__NVIC_ClearPendingIRQ)
    [Anonymous Symbol]                       0x08001c70   Section        0  main.o(.text.__NVIC_ClearPendingIRQ)
    __NVIC_ClearPendingIRQ                   0x08001ca1   Thumb Code    48  exti.o(.text.__NVIC_ClearPendingIRQ)
    [Anonymous Symbol]                       0x08001ca0   Section        0  exti.o(.text.__NVIC_ClearPendingIRQ)
    __NVIC_EnableIRQ                         0x08001cd1   Thumb Code    48  main.o(.text.__NVIC_EnableIRQ)
    [Anonymous Symbol]                       0x08001cd0   Section        0  main.o(.text.__NVIC_EnableIRQ)
    __NVIC_EnableIRQ                         0x08001d01   Thumb Code    48  exti.o(.text.__NVIC_EnableIRQ)
    [Anonymous Symbol]                       0x08001d00   Section        0  exti.o(.text.__NVIC_EnableIRQ)
    __NVIC_SetPriority                       0x08001d31   Thumb Code    66  exti.o(.text.__NVIC_SetPriority)
    [Anonymous Symbol]                       0x08001d30   Section        0  exti.o(.text.__NVIC_SetPriority)
    [Anonymous Symbol]                       0x08001d74   Section        0  lcd.o(.text.delayMs)
    [Anonymous Symbol]                       0x08001dac   Section        0  lcd.o(.text.digit_count)
    [Anonymous Symbol]                       0x08001de0   Section        0  main.o(.text.main)
    [Anonymous Symbol]                       0x08001f10   Section        0  main.o(.text.pascal)
    CL$$btod_d2e                             0x08001f58   Section       62  btod.o(CL$$btod_d2e)
    CL$$btod_d2e_denorm_low                  0x08001f96   Section       70  btod.o(CL$$btod_d2e_denorm_low)
    CL$$btod_d2e_norm_op1                    0x08001fdc   Section       96  btod.o(CL$$btod_d2e_norm_op1)
    CL$$btod_div_common                      0x0800203c   Section      824  btod.o(CL$$btod_div_common)
    CL$$btod_e2e                             0x08002374   Section      220  btod.o(CL$$btod_e2e)
    CL$$btod_ediv                            0x08002450   Section       42  btod.o(CL$$btod_ediv)
    CL$$btod_emul                            0x0800247a   Section       42  btod.o(CL$$btod_emul)
    CL$$btod_mult_common                     0x080024a4   Section      580  btod.o(CL$$btod_mult_common)
    i.__ARM_fpclassify                       0x080026e8   Section        0  fpclassify.o(i.__ARM_fpclassify)
    i._is_digit                              0x08002718   Section        0  __printf_wp.o(i._is_digit)
    locale$$code                             0x08002728   Section       44  lc_numeric_c.o(locale$$code)
    locale$$code                             0x08002754   Section       44  lc_ctype_c.o(locale$$code)
    $v0                                      0x08002780   Number         0  d2f.o(x$fpl$d2f)
    x$fpl$d2f                                0x08002780   Section       98  d2f.o(x$fpl$d2f)
    $v0                                      0x080027e2   Number         0  dnaninf.o(x$fpl$dnaninf)
    x$fpl$dnaninf                            0x080027e2   Section      156  dnaninf.o(x$fpl$dnaninf)
    $v0                                      0x0800287e   Number         0  fpinit.o(x$fpl$fpinit)
    x$fpl$fpinit                             0x0800287e   Section       26  fpinit.o(x$fpl$fpinit)
    $v0                                      0x08002898   Number         0  fretinf.o(x$fpl$fretinf)
    x$fpl$fretinf                            0x08002898   Section       10  fretinf.o(x$fpl$fretinf)
    $v0                                      0x080028a2   Number         0  printf1.o(x$fpl$printf1)
    x$fpl$printf1                            0x080028a2   Section        4  printf1.o(x$fpl$printf1)
    $v0                                      0x080028a6   Number         0  printf2.o(x$fpl$printf2)
    x$fpl$printf2                            0x080028a6   Section        4  printf2.o(x$fpl$printf2)
    x$fpl$usenofp                            0x080028aa   Section        0  usenofp.o(x$fpl$usenofp)
    initial_mbstate                          0x080028ac   Data           8  _printf_wctomb.o(.constdata)
    .constdata                               0x080028ac   Section        8  _printf_wctomb.o(.constdata)
    uc_hextab                                0x080028b4   Data          20  _printf_hex_int_ll_ptr.o(.constdata)
    .constdata                               0x080028b4   Section       40  _printf_hex_int_ll_ptr.o(.constdata)
    lc_hextab                                0x080028c8   Data          20  _printf_hex_int_ll_ptr.o(.constdata)
    maptable                                 0x080028dc   Data          17  __printf_flags_ss_wp.o(.constdata)
    .constdata                               0x080028dc   Section       17  __printf_flags_ss_wp.o(.constdata)
    lc_hextab                                0x080028ed   Data          19  _printf_fp_hex.o(.constdata)
    .constdata                               0x080028ed   Section       38  _printf_fp_hex.o(.constdata)
    uc_hextab                                0x08002900   Data          19  _printf_fp_hex.o(.constdata)
    tenpwrs_x                                0x08002914   Data          60  bigflt0.o(.constdata)
    .constdata                               0x08002914   Section      148  bigflt0.o(.constdata)
    tenpwrs_i                                0x08002950   Data          64  bigflt0.o(.constdata)
    .L.str                                   0x080029a8   Data           2  main.o(.rodata.str1.1)
    [Anonymous Symbol]                       0x080029a8   Section        0  main.o(.rodata.str1.1)
    .L.str                                   0x080029aa   Data           3  lcd.o(.rodata.str1.1)
    [Anonymous Symbol]                       0x080029aa   Section        0  lcd.o(.rodata.str1.1)
    locale$$data                             0x080029d0   Section       28  lc_numeric_c.o(locale$$data)
    __lcnum_c_name                           0x080029d4   Data           2  lc_numeric_c.o(locale$$data)
    __lcnum_c_start                          0x080029dc   Data           0  lc_numeric_c.o(locale$$data)
    __lcnum_c_point                          0x080029e8   Data           0  lc_numeric_c.o(locale$$data)
    __lcnum_c_thousands                      0x080029ea   Data           0  lc_numeric_c.o(locale$$data)
    __lcnum_c_grouping                       0x080029eb   Data           0  lc_numeric_c.o(locale$$data)
    __lcnum_c_end                            0x080029ec   Data           0  lc_numeric_c.o(locale$$data)
    locale$$data                             0x080029ec   Section      272  lc_ctype_c.o(locale$$data)
    __lcctype_c_name                         0x080029f0   Data           2  lc_ctype_c.o(locale$$data)
    __lcctype_c_start                        0x080029f8   Data           0  lc_ctype_c.o(locale$$data)
    __lcctype_c_end                          0x08002afc   Data           0  lc_ctype_c.o(locale$$data)
    GPIO_PORTS                               0x20000000   Data          12  gpio.o(.data.GPIO_PORTS)
    [Anonymous Symbol]                       0x20000000   Section        0  gpio.o(.data.GPIO_PORTS)
    RCC_AHB1ENR_GPIOEN                       0x2000000c   Data          12  gpio.o(.data.RCC_AHB1ENR_GPIOEN)
    [Anonymous Symbol]                       0x2000000c   Section        0  gpio.o(.data.RCC_AHB1ENR_GPIOEN)
    .bss                                     0x20000020   Section       96  libspace.o(.bss)
    Heap_Mem                                 0x20000088   Data         512  startup_stm32f401xe.o(HEAP)
    HEAP                                     0x20000088   Section      512  startup_stm32f401xe.o(HEAP)
    Stack_Mem                                0x20000288   Data        1024  startup_stm32f401xe.o(STACK)
    STACK                                    0x20000288   Section     1024  startup_stm32f401xe.o(STACK)
    __initial_sp                             0x20000688   Data           0  startup_stm32f401xe.o(STACK)

    Global Symbols

    Symbol Name                              Value     Ov Type        Size  Object(Section)

    BuildAttributes$$THM_ISAv4$E$P$D$K$B$S$7EM$VFPi3$EXTD16$VFPS$VFMA$PE$A:L22UL41UL21$X:L11$S22US41US21$IEEE1$IW$~IW$USESV6$~STKCKD$USESV7$~SHL$OTIME$ROPI$IEEEJ$EBA8$UX$STANDARDLIB$REQ8$PRES8$EABIv2 0x00000000   Number         0  anon$$obj.o ABSOLUTE
    _printf_flags                            0x00000000   Number         0  printf_stubs.o ABSOLUTE
    _printf_return_value                     0x00000000   Number         0  printf_stubs.o ABSOLUTE
    _printf_sizespec                         0x00000000   Number         0  printf_stubs.o ABSOLUTE
    _printf_widthprec                        0x00000000   Number         0  printf_stubs.o ABSOLUTE
    __ARM_exceptions_init                     - Undefined Weak Reference
    __alloca_initialize                       - Undefined Weak Reference
    __arm_preinit_                            - Undefined Weak Reference
    __arm_relocate_pie_                       - Undefined Weak Reference
    __cpp_initialize__aeabi_                  - Undefined Weak Reference
    __cxa_finalize                            - Undefined Weak Reference
    __sigvec_lookup                           - Undefined Weak Reference
    __user_heap_extent                        - Undefined Weak Reference
    _atexit_init                              - Undefined Weak Reference
    _call_atexit_fns                          - Undefined Weak Reference
    _clock_init                               - Undefined Weak Reference
    _fp_trap_init                             - Undefined Weak Reference
    _fp_trap_shutdown                         - Undefined Weak Reference
    _get_lc_collate                           - Undefined Weak Reference
    _get_lc_monetary                          - Undefined Weak Reference
    _get_lc_time                              - Undefined Weak Reference
    _getenv_init                              - Undefined Weak Reference
    _handle_redirection                       - Undefined Weak Reference
    _initio                                   - Undefined Weak Reference
    _mutex_acquire                            - Undefined Weak Reference
    _mutex_free                               - Undefined Weak Reference
    _mutex_release                            - Undefined Weak Reference
    _printf_mbtowc                            - Undefined Weak Reference
    _printf_wc                                - Undefined Weak Reference
    _rand_init                                - Undefined Weak Reference
    _signal_finish                            - Undefined Weak Reference
    _signal_init                              - Undefined Weak Reference
    _terminateio                              - Undefined Weak Reference
    __Vectors_Size                           0x00000194   Number         0  startup_stm32f401xe.o ABSOLUTE
    __Vectors                                0x08000000   Data           4  startup_stm32f401xe.o(RESET)
    __Vectors_End                            0x08000194   Data           0  startup_stm32f401xe.o(RESET)
    __main                                   0x08000195   Thumb Code     8  __main.o(!!!main)
    __scatterload                            0x0800019d   Thumb Code     0  __scatter.o(!!!scatter)
    __scatterload_rt2                        0x0800019d   Thumb Code    44  __scatter.o(!!!scatter)
    __scatterload_rt2_thumb_only             0x0800019d   Thumb Code     0  __scatter.o(!!!scatter)
    __scatterload_null                       0x080001ab   Thumb Code     0  __scatter.o(!!!scatter)
    __scatterload_copy                       0x080001d1   Thumb Code    26  __scatter_copy.o(!!handler_copy)
    __scatterload_zeroinit                   0x080001ed   Thumb Code    28  __scatter_zi.o(!!handler_zi)
    _printf_n                                0x08000209   Thumb Code     0  _printf_n.o(.ARM.Collect$$_printf_percent$$00000001)
    _printf_percent                          0x08000209   Thumb Code     0  _printf_percent.o(.ARM.Collect$$_printf_percent$$00000000)
    _printf_p                                0x0800020f   Thumb Code     0  _printf_p.o(.ARM.Collect$$_printf_percent$$00000002)
    _printf_f                                0x08000215   Thumb Code     0  _printf_f.o(.ARM.Collect$$_printf_percent$$00000003)
    _printf_e                                0x0800021b   Thumb Code     0  _printf_e.o(.ARM.Collect$$_printf_percent$$00000004)
    _printf_g                                0x08000221   Thumb Code     0  _printf_g.o(.ARM.Collect$$_printf_percent$$00000005)
    _printf_a                                0x08000227   Thumb Code     0  _printf_a.o(.ARM.Collect$$_printf_percent$$00000006)
    _printf_ll                               0x0800022d   Thumb Code     0  _printf_ll.o(.ARM.Collect$$_printf_percent$$00000007)
    _printf_i                                0x08000237   Thumb Code     0  _printf_i.o(.ARM.Collect$$_printf_percent$$00000008)
    _printf_d                                0x0800023d   Thumb Code     0  _printf_d.o(.ARM.Collect$$_printf_percent$$00000009)
    _printf_u                                0x08000243   Thumb Code     0  _printf_u.o(.ARM.Collect$$_printf_percent$$0000000A)
    _printf_o                                0x08000249   Thumb Code     0  _printf_o.o(.ARM.Collect$$_printf_percent$$0000000B)
    _printf_x                                0x0800024f   Thumb Code     0  _printf_x.o(.ARM.Collect$$_printf_percent$$0000000C)
    _printf_lli                              0x08000255   Thumb Code     0  _printf_lli.o(.ARM.Collect$$_printf_percent$$0000000D)
    _printf_lld                              0x0800025b   Thumb Code     0  _printf_lld.o(.ARM.Collect$$_printf_percent$$0000000E)
    _printf_llu                              0x08000261   Thumb Code     0  _printf_llu.o(.ARM.Collect$$_printf_percent$$0000000F)
    _printf_llo                              0x08000267   Thumb Code     0  _printf_llo.o(.ARM.Collect$$_printf_percent$$00000010)
    _printf_llx                              0x0800026d   Thumb Code     0  _printf_llx.o(.ARM.Collect$$_printf_percent$$00000011)
    _printf_l                                0x08000273   Thumb Code     0  _printf_l.o(.ARM.Collect$$_printf_percent$$00000012)
    _printf_c                                0x0800027d   Thumb Code     0  _printf_c.o(.ARM.Collect$$_printf_percent$$00000013)
    _printf_s                                0x08000283   Thumb Code     0  _printf_s.o(.ARM.Collect$$_printf_percent$$00000014)
    _printf_lc                               0x08000289   Thumb Code     0  _printf_lc.o(.ARM.Collect$$_printf_percent$$00000015)
    _printf_ls                               0x0800028f   Thumb Code     0  _printf_ls.o(.ARM.Collect$$_printf_percent$$00000016)
    _printf_percent_end                      0x08000295   Thumb Code     0  _printf_percent_end.o(.ARM.Collect$$_printf_percent$$00000017)
    __rt_lib_init                            0x08000299   Thumb Code     0  libinit.o(.ARM.Collect$$libinit$$00000000)
    __rt_lib_init_fp_1                       0x0800029b   Thumb Code     0  libinit2.o(.ARM.Collect$$libinit$$00000001)
    __rt_lib_init_heap_2                     0x0800029f   Thumb Code     0  libinit2.o(.ARM.Collect$$libinit$$00000007)
    __rt_lib_init_preinit_1                  0x0800029f   Thumb Code     0  libinit2.o(.ARM.Collect$$libinit$$00000006)
    __rt_lib_init_relocate_pie_1             0x0800029f   Thumb Code     0  libinit2.o(.ARM.Collect$$libinit$$00000004)
    __rt_lib_init_heap_1                     0x080002a7   Thumb Code     0  libinit2.o(.ARM.Collect$$libinit$$0000000C)
    __rt_lib_init_lc_common                  0x080002a7   Thumb Code     0  libinit2.o(.ARM.Collect$$libinit$$00000011)
    __rt_lib_init_rand_1                     0x080002a7   Thumb Code     0  libinit2.o(.ARM.Collect$$libinit$$00000010)
    __rt_lib_init_user_alloc_1               0x080002a7   Thumb Code     0  libinit2.o(.ARM.Collect$$libinit$$0000000E)
    __rt_lib_init_lc_collate_1               0x080002ad   Thumb Code     0  libinit2.o(.ARM.Collect$$libinit$$00000013)
    __rt_lib_init_lc_ctype_2                 0x080002ad   Thumb Code     0  libinit2.o(.ARM.Collect$$libinit$$00000014)
    __rt_lib_init_lc_ctype_1                 0x080002b9   Thumb Code     0  libinit2.o(.ARM.Collect$$libinit$$00000015)
    __rt_lib_init_lc_monetary_1              0x080002b9   Thumb Code     0  libinit2.o(.ARM.Collect$$libinit$$00000017)
    __rt_lib_init_lc_numeric_2               0x080002b9   Thumb Code     0  libinit2.o(.ARM.Collect$$libinit$$00000018)
    __rt_lib_init_alloca_1                   0x080002c3   Thumb Code     0  libinit2.o(.ARM.Collect$$libinit$$00000030)
    __rt_lib_init_argv_1                     0x080002c3   Thumb Code     0  libinit2.o(.ARM.Collect$$libinit$$0000002E)
    __rt_lib_init_atexit_1                   0x080002c3   Thumb Code     0  libinit2.o(.ARM.Collect$$libinit$$0000001D)
    __rt_lib_init_clock_1                    0x080002c3   Thumb Code     0  libinit2.o(.ARM.Collect$$libinit$$00000023)
    __rt_lib_init_cpp_1                      0x080002c3   Thumb Code     0  libinit2.o(.ARM.Collect$$libinit$$00000034)
    __rt_lib_init_exceptions_1               0x080002c3   Thumb Code     0  libinit2.o(.ARM.Collect$$libinit$$00000032)
    __rt_lib_init_fp_trap_1                  0x080002c3   Thumb Code     0  libinit2.o(.ARM.Collect$$libinit$$00000021)
    __rt_lib_init_getenv_1                   0x080002c3   Thumb Code     0  libinit2.o(.ARM.Collect$$libinit$$00000025)
    __rt_lib_init_lc_numeric_1               0x080002c3   Thumb Code     0  libinit2.o(.ARM.Collect$$libinit$$00000019)
    __rt_lib_init_lc_time_1                  0x080002c3   Thumb Code     0  libinit2.o(.ARM.Collect$$libinit$$0000001B)
    __rt_lib_init_return                     0x080002c3   Thumb Code     0  libinit2.o(.ARM.Collect$$libinit$$00000035)
    __rt_lib_init_signal_1                   0x080002c3   Thumb Code     0  libinit2.o(.ARM.Collect$$libinit$$0000001F)
    __rt_lib_init_stdio_1                    0x080002c3   Thumb Code     0  libinit2.o(.ARM.Collect$$libinit$$00000027)
    __rt_lib_shutdown                        0x080002c5   Thumb Code     0  libshutdown.o(.ARM.Collect$$libshutdown$$00000000)
    __rt_lib_shutdown_cpp_1                  0x080002c7   Thumb Code     0  libshutdown2.o(.ARM.Collect$$libshutdown$$00000002)
    __rt_lib_shutdown_fp_trap_1              0x080002c7   Thumb Code     0  libshutdown2.o(.ARM.Collect$$libshutdown$$00000007)
    __rt_lib_shutdown_heap_1                 0x080002c7   Thumb Code     0  libshutdown2.o(.ARM.Collect$$libshutdown$$0000000F)
    __rt_lib_shutdown_return                 0x080002c7   Thumb Code     0  libshutdown2.o(.ARM.Collect$$libshutdown$$00000010)
    __rt_lib_shutdown_signal_1               0x080002c7   Thumb Code     0  libshutdown2.o(.ARM.Collect$$libshutdown$$0000000A)
    __rt_lib_shutdown_stdio_1                0x080002c7   Thumb Code     0  libshutdown2.o(.ARM.Collect$$libshutdown$$00000004)
    __rt_lib_shutdown_user_alloc_1           0x080002c7   Thumb Code     0  libshutdown2.o(.ARM.Collect$$libshutdown$$0000000C)
    __rt_entry                               0x080002c9   Thumb Code     0  __rtentry.o(.ARM.Collect$$rtentry$$00000000)
    __rt_entry_presh_1                       0x080002c9   Thumb Code     0  __rtentry2.o(.ARM.Collect$$rtentry$$00000002)
    __rt_entry_sh                            0x080002c9   Thumb Code     0  __rtentry4.o(.ARM.Collect$$rtentry$$00000004)
    __rt_entry_li                            0x080002cf   Thumb Code     0  __rtentry2.o(.ARM.Collect$$rtentry$$0000000A)
    __rt_entry_postsh_1                      0x080002cf   Thumb Code     0  __rtentry2.o(.ARM.Collect$$rtentry$$00000009)
    __rt_entry_main                          0x080002d3   Thumb Code     0  __rtentry2.o(.ARM.Collect$$rtentry$$0000000D)
    __rt_entry_postli_1                      0x080002d3   Thumb Code     0  __rtentry2.o(.ARM.Collect$$rtentry$$0000000C)
    __rt_exit                                0x080002db   Thumb Code     0  rtexit.o(.ARM.Collect$$rtexit$$00000000)
    __rt_exit_ls                             0x080002dd   Thumb Code     0  rtexit2.o(.ARM.Collect$$rtexit$$00000003)
    __rt_exit_prels_1                        0x080002dd   Thumb Code     0  rtexit2.o(.ARM.Collect$$rtexit$$00000002)
    __rt_exit_exit                           0x080002e1   Thumb Code     0  rtexit2.o(.ARM.Collect$$rtexit$$00000004)
    Reset_Handler                            0x080002e9   Thumb Code     8  startup_stm32f401xe.o(.text)
    NMI_Handler                              0x080002f1   Thumb Code     2  startup_stm32f401xe.o(.text)
    HardFault_Handler                        0x080002f3   Thumb Code     2  startup_stm32f401xe.o(.text)
    MemManage_Handler                        0x080002f5   Thumb Code     2  startup_stm32f401xe.o(.text)
    BusFault_Handler                         0x080002f7   Thumb Code     2  startup_stm32f401xe.o(.text)
    UsageFault_Handler                       0x080002f9   Thumb Code     2  startup_stm32f401xe.o(.text)
    SVC_Handler                              0x080002fb   Thumb Code     2  startup_stm32f401xe.o(.text)
    DebugMon_Handler                         0x080002fd   Thumb Code     2  startup_stm32f401xe.o(.text)
    PendSV_Handler                           0x080002ff   Thumb Code     2  startup_stm32f401xe.o(.text)
    SysTick_Handler                          0x08000301   Thumb Code     2  startup_stm32f401xe.o(.text)
    ADC_IRQHandler                           0x08000303   Thumb Code     0  startup_stm32f401xe.o(.text)
    DMA1_Stream0_IRQHandler                  0x08000303   Thumb Code     0  startup_stm32f401xe.o(.text)
    DMA1_Stream1_IRQHandler                  0x08000303   Thumb Code     0  startup_stm32f401xe.o(.text)
    DMA1_Stream2_IRQHandler                  0x08000303   Thumb Code     0  startup_stm32f401xe.o(.text)
    DMA1_Stream3_IRQHandler                  0x08000303   Thumb Code     0  startup_stm32f401xe.o(.text)
    DMA1_Stream4_IRQHandler                  0x08000303   Thumb Code     0  startup_stm32f401xe.o(.text)
    DMA1_Stream5_IRQHandler                  0x08000303   Thumb Code     0  startup_stm32f401xe.o(.text)
    DMA1_Stream6_IRQHandler                  0x08000303   Thumb Code     0  startup_stm32f401xe.o(.text)
    DMA1_Stream7_IRQHandler                  0x08000303   Thumb Code     0  startup_stm32f401xe.o(.text)
    DMA2_Stream0_IRQHandler                  0x08000303   Thumb Code     0  startup_stm32f401xe.o(.text)
    DMA2_Stream1_IRQHandler                  0x08000303   Thumb Code     0  startup_stm32f401xe.o(.text)
    DMA2_Stream2_IRQHandler                  0x08000303   Thumb Code     0  startup_stm32f401xe.o(.text)
    DMA2_Stream3_IRQHandler                  0x08000303   Thumb Code     0  startup_stm32f401xe.o(.text)
    DMA2_Stream4_IRQHandler                  0x08000303   Thumb Code     0  startup_stm32f401xe.o(.text)
    DMA2_Stream5_IRQHandler                  0x08000303   Thumb Code     0  startup_stm32f401xe.o(.text)
    DMA2_Stream6_IRQHandler                  0x08000303   Thumb Code     0  startup_stm32f401xe.o(.text)
    DMA2_Stream7_IRQHandler                  0x08000303   Thumb Code     0  startup_stm32f401xe.o(.text)
    EXTI0_IRQHandler                         0x08000303   Thumb Code     0  startup_stm32f401xe.o(.text)
    EXTI1_IRQHandler                         0x08000303   Thumb Code     0  startup_stm32f401xe.o(.text)
    EXTI2_IRQHandler                         0x08000303   Thumb Code     0  startup_stm32f401xe.o(.text)
    EXTI3_IRQHandler                         0x08000303   Thumb Code     0  startup_stm32f401xe.o(.text)
    EXTI4_IRQHandler                         0x08000303   Thumb Code     0  startup_stm32f401xe.o(.text)
    EXTI9_5_IRQHandler                       0x08000303   Thumb Code     0  startup_stm32f401xe.o(.text)
    FLASH_IRQHandler                         0x08000303   Thumb Code     0  startup_stm32f401xe.o(.text)
    FPU_IRQHandler                           0x08000303   Thumb Code     0  startup_stm32f401xe.o(.text)
    I2C1_ER_IRQHandler                       0x08000303   Thumb Code     0  startup_stm32f401xe.o(.text)
    I2C1_EV_IRQHandler                       0x08000303   Thumb Code     0  startup_stm32f401xe.o(.text)
    I2C2_ER_IRQHandler                       0x08000303   Thumb Code     0  startup_stm32f401xe.o(.text)
    I2C2_EV_IRQHandler                       0x08000303   Thumb Code     0  startup_stm32f401xe.o(.text)
    I2C3_ER_IRQHandler                       0x08000303   Thumb Code     0  startup_stm32f401xe.o(.text)
    I2C3_EV_IRQHandler                       0x08000303   Thumb Code     0  startup_stm32f401xe.o(.text)
    OTG_FS_IRQHandler                        0x08000303   Thumb Code     0  startup_stm32f401xe.o(.text)
    OTG_FS_WKUP_IRQHandler                   0x08000303   Thumb Code     0  startup_stm32f401xe.o(.text)
    PVD_IRQHandler                           0x08000303   Thumb Code     0  startup_stm32f401xe.o(.text)
    RCC_IRQHandler                           0x08000303   Thumb Code     0  startup_stm32f401xe.o(.text)
    RTC_Alarm_IRQHandler                     0x08000303   Thumb Code     0  startup_stm32f401xe.o(.text)
    RTC_WKUP_IRQHandler                      0x08000303   Thumb Code     0  startup_stm32f401xe.o(.text)
    SDIO_IRQHandler                          0x08000303   Thumb Code     0  startup_stm32f401xe.o(.text)
    SPI1_IRQHandler                          0x08000303   Thumb Code     0  startup_stm32f401xe.o(.text)
    SPI2_IRQHandler                          0x08000303   Thumb Code     0  startup_stm32f401xe.o(.text)
    SPI3_IRQHandler                          0x08000303   Thumb Code     0  startup_stm32f401xe.o(.text)
    SPI4_IRQHandler                          0x08000303   Thumb Code     0  startup_stm32f401xe.o(.text)
    TAMP_STAMP_IRQHandler                    0x08000303   Thumb Code     0  startup_stm32f401xe.o(.text)
    TIM1_BRK_TIM9_IRQHandler                 0x08000303   Thumb Code     0  startup_stm32f401xe.o(.text)
    TIM1_CC_IRQHandler                       0x08000303   Thumb Code     0  startup_stm32f401xe.o(.text)
    TIM1_TRG_COM_TIM11_IRQHandler            0x08000303   Thumb Code     0  startup_stm32f401xe.o(.text)
    TIM1_UP_TIM10_IRQHandler                 0x08000303   Thumb Code     0  startup_stm32f401xe.o(.text)
    TIM3_IRQHandler                          0x08000303   Thumb Code     0  startup_stm32f401xe.o(.text)
    TIM4_IRQHandler                          0x08000303   Thumb Code     0  startup_stm32f401xe.o(.text)
    TIM5_IRQHandler                          0x08000303   Thumb Code     0  startup_stm32f401xe.o(.text)
    USART1_IRQHandler                        0x08000303   Thumb Code     0  startup_stm32f401xe.o(.text)
    USART2_IRQHandler                        0x08000303   Thumb Code     0  startup_stm32f401xe.o(.text)
    USART6_IRQHandler                        0x08000303   Thumb Code     0  startup_stm32f401xe.o(.text)
    WWDG_IRQHandler                          0x08000303   Thumb Code     0  startup_stm32f401xe.o(.text)
    __user_initial_stackheap                 0x08000305   Thumb Code     0  startup_stm32f401xe.o(.text)
    malloc                                   0x08000329   Thumb Code    94  h1_alloc.o(.text)
    sprintf                                  0x08000389   Thumb Code    38  sprintf.o(.text)
    __use_two_region_memory                  0x080003b5   Thumb Code     2  heapauxi.o(.text)
    __rt_heap_escrow                         0x080003b7   Thumb Code     2  heapauxi.o(.text)
    __rt_heap_expand                         0x080003b9   Thumb Code     2  heapauxi.o(.text)
    __rt_heap_descriptor                     0x080003bd   Thumb Code     8  rt_heap_descriptor_intlibspace.o(.text)
    __use_no_heap                            0x080003c5   Thumb Code     2  hguard.o(.text)
    __heap$guard                             0x080003c7   Thumb Code     2  hguard.o(.text)
    _terminate_user_alloc                    0x080003c9   Thumb Code     2  init_alloc.o(.text)
    _init_user_alloc                         0x080003cb   Thumb Code     2  init_alloc.o(.text)
    __Heap_Full                              0x080003cd   Thumb Code    34  init_alloc.o(.text)
    __Heap_Broken                            0x080003ef   Thumb Code     6  init_alloc.o(.text)
    _init_alloc                              0x080003f5   Thumb Code    94  init_alloc.o(.text)
    __Heap_Initialize                        0x08000453   Thumb Code    10  h1_init.o(.text)
    __Heap_DescSize                          0x0800045d   Thumb Code     4  h1_init.o(.text)
    free                                     0x08000461   Thumb Code    78  h1_free.o(.text)
    _printf_pre_padding                      0x080004af   Thumb Code    44  _printf_pad.o(.text)
    _printf_post_padding                     0x080004db   Thumb Code    34  _printf_pad.o(.text)
    _printf_truncate_signed                  0x080004fd   Thumb Code    18  _printf_truncate.o(.text)
    _printf_truncate_unsigned                0x0800050f   Thumb Code    18  _printf_truncate.o(.text)
    _printf_str                              0x08000521   Thumb Code    82  _printf_str.o(.text)
    _printf_int_dec                          0x08000575   Thumb Code   104  _printf_dec.o(.text)
    _printf_charcount                        0x080005ed   Thumb Code    40  _printf_charcount.o(.text)
    _printf_char_common                      0x0800061f   Thumb Code    32  _printf_char_common.o(.text)
    _sputc                                   0x08000645   Thumb Code    10  _sputc.o(.text)
    _printf_wctomb                           0x08000651   Thumb Code   182  _printf_wctomb.o(.text)
    _printf_longlong_dec                     0x0800070d   Thumb Code   108  _printf_longlong_dec.o(.text)
    _printf_longlong_oct                     0x08000789   Thumb Code    68  _printf_oct_int_ll.o(.text)
    _printf_int_oct                          0x080007cd   Thumb Code    24  _printf_oct_int_ll.o(.text)
    _printf_ll_oct                           0x080007e5   Thumb Code    12  _printf_oct_int_ll.o(.text)
    _printf_longlong_hex                     0x080007f9   Thumb Code    86  _printf_hex_int_ll_ptr.o(.text)
    _printf_int_hex                          0x0800084f   Thumb Code    28  _printf_hex_int_ll_ptr.o(.text)
    _printf_ll_hex                           0x0800086b   Thumb Code    12  _printf_hex_int_ll_ptr.o(.text)
    _printf_hex_ptr                          0x08000877   Thumb Code    18  _printf_hex_int_ll_ptr.o(.text)
    __printf                                 0x0800088d   Thumb Code   388  __printf_flags_ss_wp.o(.text)
    __user_libspace                          0x08000a15   Thumb Code     8  libspace.o(.text)
    __user_perproc_libspace                  0x08000a15   Thumb Code     0  libspace.o(.text)
    __user_perthread_libspace                0x08000a15   Thumb Code     0  libspace.o(.text)
    __Heap_ProvideMemory                     0x08000a1d   Thumb Code    52  h1_extend.o(.text)
    _maybe_terminate_alloc                   0x08000a1d   Thumb Code     0  maybetermalloc1.o(.text)
    _ll_udiv10                               0x08000a51   Thumb Code   138  lludiv10.o(.text)
    _printf_int_common                       0x08000adb   Thumb Code   178  _printf_intcommon.o(.text)
    _printf_fp_dec_real                      0x08000d3d   Thumb Code   620  _printf_fp_dec.o(.text)
    _printf_fp_hex_real                      0x08000fa9   Thumb Code   756  _printf_fp_hex.o(.text)
    _printf_cs_common                        0x080012a5   Thumb Code    20  _printf_char.o(.text)
    _printf_char                             0x080012b9   Thumb Code    16  _printf_char.o(.text)
    _printf_string                           0x080012c9   Thumb Code     8  _printf_char.o(.text)
    _printf_lcs_common                       0x080012d1   Thumb Code    20  _printf_wchar.o(.text)
    _printf_wchar                            0x080012e5   Thumb Code    16  _printf_wchar.o(.text)
    _printf_wstring                          0x080012f5   Thumb Code     8  _printf_wchar.o(.text)
    _c16rtomb                                0x080012fd   Thumb Code    72  _c16rtomb.o(.text)
    _wcrtomb                                 0x080012fd   Thumb Code     0  _c16rtomb.o(.text)
    __rt_SIGRTMEM                            0x08001345   Thumb Code    14  defsig_rtmem_outer.o(.text)
    __I$use$semihosting                      0x08001353   Thumb Code     0  use_no_semi.o(.text)
    __use_no_semihosting_swi                 0x08001353   Thumb Code     2  use_no_semi.o(.text)
    __semihosting_library_function           0x08001355   Thumb Code     0  indicate_semi.o(.text)
    __user_setup_stackheap                   0x08001355   Thumb Code    74  sys_stackheap_outer.o(.text)
    __rt_ctype_table                         0x080013a1   Thumb Code    16  rt_ctype_table.o(.text)
    __rt_locale                              0x080013b1   Thumb Code     8  rt_locale_intlibspace.o(.text)
    _printf_fp_infnan                        0x080013b9   Thumb Code   112  _printf_fp_infnan.o(.text)
    _btod_etento                             0x08001439   Thumb Code   224  bigflt0.o(.text)
    exit                                     0x0800151d   Thumb Code    18  exit.o(.text)
    __sig_exit                               0x0800152f   Thumb Code    10  defsig_exit.o(.text)
    __rt_SIGRTMEM_inner                      0x08001539   Thumb Code    22  defsig_rtmem_inner.o(.text)
    _sys_exit                                0x08001589   Thumb Code     8  sys_exit.o(.text)
    __default_signal_display                 0x08001595   Thumb Code    50  defsig_general.o(.text)
    strcmp                                   0x080015c9   Thumb Code   124  strcmpv7em.o(.text)
    _ttywrch                                 0x08001645   Thumb Code    14  sys_wrch.o(.text)
    EXIT_INIT                                0x08001655   Thumb Code   160  exti.o(.text.EXIT_INIT)
    EXTI15_10_IRQHandler                     0x080016f9   Thumb Code   152  main.o(.text.EXTI15_10_IRQHandler)
    EXTI_EnableClock                         0x08001791   Thumb Code    18  exti.o(.text.EXTI_EnableClock)
    GPIO_EnableClock                         0x080017a5   Thumb Code    36  gpio.o(.text.GPIO_EnableClock)
    GPIO_Init                                0x080017c9   Thumb Code   238  gpio.o(.text.GPIO_Init)
    GPIO_ReadPin                             0x080018b9   Thumb Code    48  gpio.o(.text.GPIO_ReadPin)
    LCD_clear                                0x080018e9   Thumb Code    22  lcd.o(.text.LCD_clear)
    LCD_command                              0x08001901   Thumb Code    64  lcd.o(.text.LCD_command)
    LCD_command_noPoll                       0x08001941   Thumb Code    60  lcd.o(.text.LCD_command_noPoll)
    LCD_data                                 0x0800197d   Thumb Code    98  lcd.o(.text.LCD_data)
    LCD_init                                 0x080019e1   Thumb Code    76  lcd.o(.text.LCD_init)
    LCD_print_KHPA                           0x08001a2d   Thumb Code    60  main.o(.text.LCD_print_KHPA)
    LCD_print_number                         0x08001a69   Thumb Code    48  lcd.o(.text.LCD_print_number)
    LCD_print_string                         0x08001a99   Thumb Code    48  lcd.o(.text.LCD_print_string)
    LCD_ready                                0x08001ac9   Thumb Code   142  lcd.o(.text.LCD_ready)
    NVIC_ConfigIRQ                           0x08001b59   Thumb Code    38  exti.o(.text.NVIC_ConfigIRQ)
    PORTS_init                               0x08001b81   Thumb Code    84  lcd.o(.text.PORTS_init)
    SystemInit                               0x08001bd5   Thumb Code    18  system_stm32f4xx.o(.text.SystemInit)
    TIM2_IRQHandler                          0x08001be9   Thumb Code   136  main.o(.text.TIM2_IRQHandler)
    delayMs                                  0x08001d75   Thumb Code    56  lcd.o(.text.delayMs)
    digit_count                              0x08001dad   Thumb Code    52  lcd.o(.text.digit_count)
    main                                     0x08001de1   Thumb Code   304  main.o(.text.main)
    pascal                                   0x08001f11   Thumb Code    72  main.o(.text.pascal)
    _btod_d2e                                0x08001f59   Thumb Code    62  btod.o(CL$$btod_d2e)
    _d2e_denorm_low                          0x08001f97   Thumb Code    70  btod.o(CL$$btod_d2e_denorm_low)
    _d2e_norm_op1                            0x08001fdd   Thumb Code    96  btod.o(CL$$btod_d2e_norm_op1)
    __btod_div_common                        0x0800203d   Thumb Code   696  btod.o(CL$$btod_div_common)
    _e2e                                     0x08002375   Thumb Code   220  btod.o(CL$$btod_e2e)
    _btod_ediv                               0x08002451   Thumb Code    42  btod.o(CL$$btod_ediv)
    _btod_emul                               0x0800247b   Thumb Code    42  btod.o(CL$$btod_emul)
    __btod_mult_common                       0x080024a5   Thumb Code   580  btod.o(CL$$btod_mult_common)
    __ARM_fpclassify                         0x080026e9   Thumb Code    48  fpclassify.o(i.__ARM_fpclassify)
    _is_digit                                0x08002719   Thumb Code    14  __printf_wp.o(i._is_digit)
    _get_lc_numeric                          0x08002729   Thumb Code    44  lc_numeric_c.o(locale$$code)
    _get_lc_ctype                            0x08002755   Thumb Code    44  lc_ctype_c.o(locale$$code)
    __aeabi_d2f                              0x08002781   Thumb Code     0  d2f.o(x$fpl$d2f)
    _d2f                                     0x08002781   Thumb Code    98  d2f.o(x$fpl$d2f)
    __fpl_dnaninf                            0x080027e3   Thumb Code   156  dnaninf.o(x$fpl$dnaninf)
    _fp_init                                 0x0800287f   Thumb Code    26  fpinit.o(x$fpl$fpinit)
    __fplib_config_fpu_vfp                   0x08002897   Thumb Code     0  fpinit.o(x$fpl$fpinit)
    __fplib_config_pureend_doubles           0x08002897   Thumb Code     0  fpinit.o(x$fpl$fpinit)
    __fpl_fretinf                            0x08002899   Thumb Code    10  fretinf.o(x$fpl$fretinf)
    _printf_fp_dec                           0x080028a3   Thumb Code     4  printf1.o(x$fpl$printf1)
    _printf_fp_hex                           0x080028a7   Thumb Code     4  printf2.o(x$fpl$printf2)
    __I$use$fp                               0x080028aa   Number         0  usenofp.o(x$fpl$usenofp)
    Region$$Table$$Base                      0x080029b0   Number         0  anon$$obj.o(Region$$Table)
    Region$$Table$$Limit                     0x080029d0   Number         0  anon$$obj.o(Region$$Table)
    __ctype                                  0x080029f9   Data           0  lc_ctype_c.o(locale$$data)
    freq                                     0x20000018   Data           4  main.o(.data.freq)
    line                                     0x2000001c   Data           4  main.o(.data.line)
    __libspace_start                         0x20000020   Data          96  libspace.o(.bss)
    __temporary_stack_top$libspace           0x20000080   Data           0  libspace.o(.bss)
    printed_length                           0x20000080   Data           4  lcd.o(.bss.printed_length)



==============================================================================

Memory Map of the image

  Image Entry point : 0x080002e9

  Load Region LR_1 (Base: 0x08000000, Size: 0x00002b1c, Max: 0xffffffff, ABSOLUTE)

    Execution Region ER_RO (Exec base: 0x08000000, Load base: 0x08000000, Size: 0x00002afc, Max: 0xffffffff, ABSOLUTE)

    Exec Addr    Load Addr    Size         Type   Attr      Idx    E Section Name        Object

    0x08000000   0x08000000   0x00000194   Data   RO           95    RESET               startup_stm32f401xe.o
    0x08000194   0x08000194   0x00000008   Code   RO          178  * !!!main             c_w.l(__main.o)
    0x0800019c   0x0800019c   0x00000034   Code   RO          571    !!!scatter          c_w.l(__scatter.o)
    0x080001d0   0x080001d0   0x0000001a   Code   RO          573    !!handler_copy      c_w.l(__scatter_copy.o)
    0x080001ea   0x080001ea   0x00000002   PAD
    0x080001ec   0x080001ec   0x0000001c   Code   RO          575    !!handler_zi        c_w.l(__scatter_zi.o)
    0x08000208   0x08000208   0x00000000   Code   RO          295    .ARM.Collect$$_printf_percent$$00000000  c_w.l(_printf_percent.o)
    0x08000208   0x08000208   0x00000006   Code   RO          284    .ARM.Collect$$_printf_percent$$00000001  c_w.l(_printf_n.o)
    0x0800020e   0x0800020e   0x00000006   Code   RO          286    .ARM.Collect$$_printf_percent$$00000002  c_w.l(_printf_p.o)
    0x08000214   0x08000214   0x00000006   Code   RO          291    .ARM.Collect$$_printf_percent$$00000003  c_w.l(_printf_f.o)
    0x0800021a   0x0800021a   0x00000006   Code   RO          292    .ARM.Collect$$_printf_percent$$00000004  c_w.l(_printf_e.o)
    0x08000220   0x08000220   0x00000006   Code   RO          293    .ARM.Collect$$_printf_percent$$00000005  c_w.l(_printf_g.o)
    0x08000226   0x08000226   0x00000006   Code   RO          294    .ARM.Collect$$_printf_percent$$00000006  c_w.l(_printf_a.o)
    0x0800022c   0x0800022c   0x0000000a   Code   RO          299    .ARM.Collect$$_printf_percent$$00000007  c_w.l(_printf_ll.o)
    0x08000236   0x08000236   0x00000006   Code   RO          288    .ARM.Collect$$_printf_percent$$00000008  c_w.l(_printf_i.o)
    0x0800023c   0x0800023c   0x00000006   Code   RO          289    .ARM.Collect$$_printf_percent$$00000009  c_w.l(_printf_d.o)
    0x08000242   0x08000242   0x00000006   Code   RO          290    .ARM.Collect$$_printf_percent$$0000000A  c_w.l(_printf_u.o)
    0x08000248   0x08000248   0x00000006   Code   RO          287    .ARM.Collect$$_printf_percent$$0000000B  c_w.l(_printf_o.o)
    0x0800024e   0x0800024e   0x00000006   Code   RO          285    .ARM.Collect$$_printf_percent$$0000000C  c_w.l(_printf_x.o)
    0x08000254   0x08000254   0x00000006   Code   RO          296    .ARM.Collect$$_printf_percent$$0000000D  c_w.l(_printf_lli.o)
    0x0800025a   0x0800025a   0x00000006   Code   RO          297    .ARM.Collect$$_printf_percent$$0000000E  c_w.l(_printf_lld.o)
    0x08000260   0x08000260   0x00000006   Code   RO          298    .ARM.Collect$$_printf_percent$$0000000F  c_w.l(_printf_llu.o)
    0x08000266   0x08000266   0x00000006   Code   RO          303    .ARM.Collect$$_printf_percent$$00000010  c_w.l(_printf_llo.o)
    0x0800026c   0x0800026c   0x00000006   Code   RO          304    .ARM.Collect$$_printf_percent$$00000011  c_w.l(_printf_llx.o)
    0x08000272   0x08000272   0x0000000a   Code   RO          300    .ARM.Collect$$_printf_percent$$00000012  c_w.l(_printf_l.o)
    0x0800027c   0x0800027c   0x00000006   Code   RO          282    .ARM.Collect$$_printf_percent$$00000013  c_w.l(_printf_c.o)
    0x08000282   0x08000282   0x00000006   Code   RO          283    .ARM.Collect$$_printf_percent$$00000014  c_w.l(_printf_s.o)
    0x08000288   0x08000288   0x00000006   Code   RO          301    .ARM.Collect$$_printf_percent$$00000015  c_w.l(_printf_lc.o)
    0x0800028e   0x0800028e   0x00000006   Code   RO          302    .ARM.Collect$$_printf_percent$$00000016  c_w.l(_printf_ls.o)
    0x08000294   0x08000294   0x00000004   Code   RO          416    .ARM.Collect$$_printf_percent$$00000017  c_w.l(_printf_percent_end.o)
    0x08000298   0x08000298   0x00000002   Code   RO          493    .ARM.Collect$$libinit$$00000000  c_w.l(libinit.o)
    0x0800029a   0x0800029a   0x00000004   Code   RO          309    .ARM.Collect$$libinit$$00000001  c_w.l(libinit2.o)
    0x0800029e   0x0800029e   0x00000000   Code   RO          312    .ARM.Collect$$libinit$$00000004  c_w.l(libinit2.o)
    0x0800029e   0x0800029e   0x00000000   Code   RO          314    .ARM.Collect$$libinit$$00000006  c_w.l(libinit2.o)
    0x0800029e   0x0800029e   0x00000008   Code   RO          315    .ARM.Collect$$libinit$$00000007  c_w.l(libinit2.o)
    0x080002a6   0x080002a6   0x00000000   Code   RO          317    .ARM.Collect$$libinit$$0000000C  c_w.l(libinit2.o)
    0x080002a6   0x080002a6   0x00000000   Code   RO          319    .ARM.Collect$$libinit$$0000000E  c_w.l(libinit2.o)
    0x080002a6   0x080002a6   0x00000000   Code   RO          321    .ARM.Collect$$libinit$$00000010  c_w.l(libinit2.o)
    0x080002a6   0x080002a6   0x00000006   Code   RO          322    .ARM.Collect$$libinit$$00000011  c_w.l(libinit2.o)
    0x080002ac   0x080002ac   0x00000000   Code   RO          324    .ARM.Collect$$libinit$$00000013  c_w.l(libinit2.o)
    0x080002ac   0x080002ac   0x0000000c   Code   RO          325    .ARM.Collect$$libinit$$00000014  c_w.l(libinit2.o)
    0x080002b8   0x080002b8   0x00000000   Code   RO          326    .ARM.Collect$$libinit$$00000015  c_w.l(libinit2.o)
    0x080002b8   0x080002b8   0x00000000   Code   RO          328    .ARM.Collect$$libinit$$00000017  c_w.l(libinit2.o)
    0x080002b8   0x080002b8   0x0000000a   Code   RO          329    .ARM.Collect$$libinit$$00000018  c_w.l(libinit2.o)
    0x080002c2   0x080002c2   0x00000000   Code   RO          330    .ARM.Collect$$libinit$$00000019  c_w.l(libinit2.o)
    0x080002c2   0x080002c2   0x00000000   Code   RO          332    .ARM.Collect$$libinit$$0000001B  c_w.l(libinit2.o)
    0x080002c2   0x080002c2   0x00000000   Code   RO          334    .ARM.Collect$$libinit$$0000001D  c_w.l(libinit2.o)
    0x080002c2   0x080002c2   0x00000000   Code   RO          336    .ARM.Collect$$libinit$$0000001F  c_w.l(libinit2.o)
    0x080002c2   0x080002c2   0x00000000   Code   RO          338    .ARM.Collect$$libinit$$00000021  c_w.l(libinit2.o)
    0x080002c2   0x080002c2   0x00000000   Code   RO          340    .ARM.Collect$$libinit$$00000023  c_w.l(libinit2.o)
    0x080002c2   0x080002c2   0x00000000   Code   RO          342    .ARM.Collect$$libinit$$00000025  c_w.l(libinit2.o)
    0x080002c2   0x080002c2   0x00000000   Code   RO          344    .ARM.Collect$$libinit$$00000027  c_w.l(libinit2.o)
    0x080002c2   0x080002c2   0x00000000   Code   RO          348    .ARM.Collect$$libinit$$0000002E  c_w.l(libinit2.o)
    0x080002c2   0x080002c2   0x00000000   Code   RO          350    .ARM.Collect$$libinit$$00000030  c_w.l(libinit2.o)
    0x080002c2   0x080002c2   0x00000000   Code   RO          352    .ARM.Collect$$libinit$$00000032  c_w.l(libinit2.o)
    0x080002c2   0x080002c2   0x00000000   Code   RO          354    .ARM.Collect$$libinit$$00000034  c_w.l(libinit2.o)
    0x080002c2   0x080002c2   0x00000002   Code   RO          355    .ARM.Collect$$libinit$$00000035  c_w.l(libinit2.o)
    0x080002c4   0x080002c4   0x00000002   Code   RO          568    .ARM.Collect$$libshutdown$$00000000  c_w.l(libshutdown.o)
    0x080002c6   0x080002c6   0x00000000   Code   RO          520    .ARM.Collect$$libshutdown$$00000002  c_w.l(libshutdown2.o)
    0x080002c6   0x080002c6   0x00000000   Code   RO          522    .ARM.Collect$$libshutdown$$00000004  c_w.l(libshutdown2.o)
    0x080002c6   0x080002c6   0x00000000   Code   RO          525    .ARM.Collect$$libshutdown$$00000007  c_w.l(libshutdown2.o)
    0x080002c6   0x080002c6   0x00000000   Code   RO          528    .ARM.Collect$$libshutdown$$0000000A  c_w.l(libshutdown2.o)
    0x080002c6   0x080002c6   0x00000000   Code   RO          530    .ARM.Collect$$libshutdown$$0000000C  c_w.l(libshutdown2.o)
    0x080002c6   0x080002c6   0x00000000   Code   RO          533    .ARM.Collect$$libshutdown$$0000000F  c_w.l(libshutdown2.o)
    0x080002c6   0x080002c6   0x00000002   Code   RO          534    .ARM.Collect$$libshutdown$$00000010  c_w.l(libshutdown2.o)
    0x080002c8   0x080002c8   0x00000000   Code   RO          184    .ARM.Collect$$rtentry$$00000000  c_w.l(__rtentry.o)
    0x080002c8   0x080002c8   0x00000000   Code   RO          377    .ARM.Collect$$rtentry$$00000002  c_w.l(__rtentry2.o)
    0x080002c8   0x080002c8   0x00000006   Code   RO          389    .ARM.Collect$$rtentry$$00000004  c_w.l(__rtentry4.o)
    0x080002ce   0x080002ce   0x00000000   Code   RO          379    .ARM.Collect$$rtentry$$00000009  c_w.l(__rtentry2.o)
    0x080002ce   0x080002ce   0x00000004   Code   RO          380    .ARM.Collect$$rtentry$$0000000A  c_w.l(__rtentry2.o)
    0x080002d2   0x080002d2   0x00000000   Code   RO          382    .ARM.Collect$$rtentry$$0000000C  c_w.l(__rtentry2.o)
    0x080002d2   0x080002d2   0x00000008   Code   RO          383    .ARM.Collect$$rtentry$$0000000D  c_w.l(__rtentry2.o)
    0x080002da   0x080002da   0x00000002   Code   RO          502    .ARM.Collect$$rtexit$$00000000  c_w.l(rtexit.o)
    0x080002dc   0x080002dc   0x00000000   Code   RO          540    .ARM.Collect$$rtexit$$00000002  c_w.l(rtexit2.o)
    0x080002dc   0x080002dc   0x00000004   Code   RO          541    .ARM.Collect$$rtexit$$00000003  c_w.l(rtexit2.o)
    0x080002e0   0x080002e0   0x00000006   Code   RO          542    .ARM.Collect$$rtexit$$00000004  c_w.l(rtexit2.o)
    0x080002e6   0x080002e6   0x00000002   PAD
    0x080002e8   0x080002e8   0x00000040   Code   RO           96  * .text               startup_stm32f401xe.o
    0x08000328   0x08000328   0x0000005e   Code   RO          120    .text               c_w.l(h1_alloc.o)
    0x08000386   0x08000386   0x00000002   PAD
    0x08000388   0x08000388   0x0000002c   Code   RO          174    .text               c_w.l(sprintf.o)
    0x080003b4   0x080003b4   0x00000006   Code   RO          176    .text               c_w.l(heapauxi.o)
    0x080003ba   0x080003ba   0x00000002   PAD
    0x080003bc   0x080003bc   0x00000008   Code   RO          188    .text               c_w.l(rt_heap_descriptor_intlibspace.o)
    0x080003c4   0x080003c4   0x00000004   Code   RO          190    .text               c_w.l(hguard.o)
    0x080003c8   0x080003c8   0x0000008a   Code   RO          192    .text               c_w.l(init_alloc.o)
    0x08000452   0x08000452   0x0000000e   Code   RO          198    .text               c_w.l(h1_init.o)
    0x08000460   0x08000460   0x0000004e   Code   RO          200    .text               c_w.l(h1_free.o)
    0x080004ae   0x080004ae   0x0000004e   Code   RO          216    .text               c_w.l(_printf_pad.o)
    0x080004fc   0x080004fc   0x00000024   Code   RO          218    .text               c_w.l(_printf_truncate.o)
    0x08000520   0x08000520   0x00000052   Code   RO          220    .text               c_w.l(_printf_str.o)
    0x08000572   0x08000572   0x00000002   PAD
    0x08000574   0x08000574   0x00000078   Code   RO          222    .text               c_w.l(_printf_dec.o)
    0x080005ec   0x080005ec   0x00000028   Code   RO          224    .text               c_w.l(_printf_charcount.o)
    0x08000614   0x08000614   0x00000030   Code   RO          226    .text               c_w.l(_printf_char_common.o)
    0x08000644   0x08000644   0x0000000a   Code   RO          228    .text               c_w.l(_sputc.o)
    0x0800064e   0x0800064e   0x00000002   PAD
    0x08000650   0x08000650   0x000000bc   Code   RO          230    .text               c_w.l(_printf_wctomb.o)
    0x0800070c   0x0800070c   0x0000007c   Code   RO          233    .text               c_w.l(_printf_longlong_dec.o)
    0x08000788   0x08000788   0x00000070   Code   RO          239    .text               c_w.l(_printf_oct_int_ll.o)
    0x080007f8   0x080007f8   0x00000094   Code   RO          259    .text               c_w.l(_printf_hex_int_ll_ptr.o)
    0x0800088c   0x0800088c   0x00000188   Code   RO          279    .text               c_w.l(__printf_flags_ss_wp.o)
    0x08000a14   0x08000a14   0x00000008   Code   RO          373    .text               c_w.l(libspace.o)
    0x08000a1c   0x08000a1c   0x00000000   Code   RO          393    .text               c_w.l(maybetermalloc1.o)
    0x08000a1c   0x08000a1c   0x00000034   Code   RO          395    .text               c_w.l(h1_extend.o)
    0x08000a50   0x08000a50   0x0000008a   Code   RO          399    .text               c_w.l(lludiv10.o)
    0x08000ada   0x08000ada   0x000000b2   Code   RO          401    .text               c_w.l(_printf_intcommon.o)
    0x08000b8c   0x08000b8c   0x0000041c   Code   RO          403    .text               c_w.l(_printf_fp_dec.o)
    0x08000fa8   0x08000fa8   0x000002fc   Code   RO          407    .text               c_w.l(_printf_fp_hex.o)
    0x080012a4   0x080012a4   0x0000002c   Code   RO          412    .text               c_w.l(_printf_char.o)
    0x080012d0   0x080012d0   0x0000002c   Code   RO          414    .text               c_w.l(_printf_wchar.o)
    0x080012fc   0x080012fc   0x00000048   Code   RO          417    .text               c_w.l(_c16rtomb.o)
    0x08001344   0x08001344   0x0000000e   Code   RO          419    .text               c_w.l(defsig_rtmem_outer.o)
    0x08001352   0x08001352   0x00000002   Code   RO          430    .text               c_w.l(use_no_semi.o)
    0x08001354   0x08001354   0x00000000   Code   RO          432    .text               c_w.l(indicate_semi.o)
    0x08001354   0x08001354   0x0000004a   Code   RO          433    .text               c_w.l(sys_stackheap_outer.o)
    0x0800139e   0x0800139e   0x00000002   PAD
    0x080013a0   0x080013a0   0x00000010   Code   RO          435    .text               c_w.l(rt_ctype_table.o)
    0x080013b0   0x080013b0   0x00000008   Code   RO          442    .text               c_w.l(rt_locale_intlibspace.o)
    0x080013b8   0x080013b8   0x00000080   Code   RO          446    .text               c_w.l(_printf_fp_infnan.o)
    0x08001438   0x08001438   0x000000e4   Code   RO          448    .text               c_w.l(bigflt0.o)
    0x0800151c   0x0800151c   0x00000012   Code   RO          478    .text               c_w.l(exit.o)
    0x0800152e   0x0800152e   0x0000000a   Code   RO          480    .text               c_w.l(defsig_exit.o)
    0x08001538   0x08001538   0x00000050   Code   RO          482    .text               c_w.l(defsig_rtmem_inner.o)
    0x08001588   0x08001588   0x0000000c   Code   RO          498    .text               c_w.l(sys_exit.o)
    0x08001594   0x08001594   0x00000032   Code   RO          515    .text               c_w.l(defsig_general.o)
    0x080015c6   0x080015c6   0x00000002   PAD
    0x080015c8   0x080015c8   0x0000007c   Code   RO          517    .text               c_w.l(strcmpv7em.o)
    0x08001644   0x08001644   0x0000000e   Code   RO          535    .text               c_w.l(sys_wrch.o)
    0x08001652   0x08001652   0x00000002   PAD
    0x08001654   0x08001654   0x000000a0   Code   RO           77    .text.EXIT_INIT     exti.o
    0x080016f4   0x080016f4   0x00000004   PAD
    0x080016f8   0x080016f8   0x00000098   Code   RO           12    .text.EXTI15_10_IRQHandler  main.o
    0x08001790   0x08001790   0x00000012   Code   RO           75    .text.EXTI_EnableClock  exti.o
    0x080017a2   0x080017a2   0x00000002   PAD
    0x080017a4   0x080017a4   0x00000024   Code   RO           58    .text.GPIO_EnableClock  gpio.o
    0x080017c8   0x080017c8   0x000000ee   Code   RO           60    .text.GPIO_Init     gpio.o
    0x080018b6   0x080018b6   0x00000002   PAD
    0x080018b8   0x080018b8   0x00000030   Code   RO           64    .text.GPIO_ReadPin  gpio.o
    0x080018e8   0x080018e8   0x00000016   Code   RO           35    .text.LCD_clear     lcd.o
    0x080018fe   0x080018fe   0x00000002   PAD
    0x08001900   0x08001900   0x00000040   Code   RO           37    .text.LCD_command   lcd.o
    0x08001940   0x08001940   0x0000003c   Code   RO           45    .text.LCD_command_noPoll  lcd.o
    0x0800197c   0x0800197c   0x00000062   Code   RO           33    .text.LCD_data      lcd.o
    0x080019de   0x080019de   0x00000002   PAD
    0x080019e0   0x080019e0   0x0000004c   Code   RO           39    .text.LCD_init      lcd.o
    0x08001a2c   0x08001a2c   0x0000003c   Code   RO            8    .text.LCD_print_KHPA  main.o
    0x08001a68   0x08001a68   0x00000030   Code   RO           27    .text.LCD_print_number  lcd.o
    0x08001a98   0x08001a98   0x00000030   Code   RO           31    .text.LCD_print_string  lcd.o
    0x08001ac8   0x08001ac8   0x0000008e   Code   RO           47    .text.LCD_ready     lcd.o
    0x08001b56   0x08001b56   0x00000002   PAD
    0x08001b58   0x08001b58   0x00000026   Code   RO           79    .text.NVIC_ConfigIRQ  exti.o
    0x08001b7e   0x08001b7e   0x00000002   PAD
    0x08001b80   0x08001b80   0x00000054   Code   RO           41    .text.PORTS_init    lcd.o
    0x08001bd4   0x08001bd4   0x00000012   Code   RO          103    .text.SystemInit    system_stm32f4xx.o
    0x08001be6   0x08001be6   0x00000002   PAD
    0x08001be8   0x08001be8   0x00000088   Code   RO            6    .text.TIM2_IRQHandler  main.o
    0x08001c70   0x08001c70   0x00000030   Code   RO           14    .text.__NVIC_ClearPendingIRQ  main.o
    0x08001ca0   0x08001ca0   0x00000030   Code   RO           83    .text.__NVIC_ClearPendingIRQ  exti.o
    0x08001cd0   0x08001cd0   0x00000030   Code   RO            4    .text.__NVIC_EnableIRQ  main.o
    0x08001d00   0x08001d00   0x00000030   Code   RO           85    .text.__NVIC_EnableIRQ  exti.o
    0x08001d30   0x08001d30   0x00000042   Code   RO           81    .text.__NVIC_SetPriority  exti.o
    0x08001d72   0x08001d72   0x00000002   PAD
    0x08001d74   0x08001d74   0x00000038   Code   RO           43    .text.delayMs       lcd.o
    0x08001dac   0x08001dac   0x00000034   Code   RO           29    .text.digit_count   lcd.o
    0x08001de0   0x08001de0   0x00000130   Code   RO            2    .text.main          main.o
    0x08001f10   0x08001f10   0x00000048   Code   RO           10    .text.pascal        main.o
    0x08001f58   0x08001f58   0x0000003e   Code   RO          451    CL$$btod_d2e        c_w.l(btod.o)
    0x08001f96   0x08001f96   0x00000046   Code   RO          453    CL$$btod_d2e_denorm_low  c_w.l(btod.o)
    0x08001fdc   0x08001fdc   0x00000060   Code   RO          452    CL$$btod_d2e_norm_op1  c_w.l(btod.o)
    0x0800203c   0x0800203c   0x00000338   Code   RO          461    CL$$btod_div_common  c_w.l(btod.o)
    0x08002374   0x08002374   0x000000dc   Code   RO          458    CL$$btod_e2e        c_w.l(btod.o)
    0x08002450   0x08002450   0x0000002a   Code   RO          455    CL$$btod_ediv       c_w.l(btod.o)
    0x0800247a   0x0800247a   0x0000002a   Code   RO          454    CL$$btod_emul       c_w.l(btod.o)
    0x080024a4   0x080024a4   0x00000244   Code   RO          460    CL$$btod_mult_common  c_w.l(btod.o)
    0x080026e8   0x080026e8   0x00000030   Code   RO          496    i.__ARM_fpclassify  m_wm.l(fpclassify.o)
    0x08002718   0x08002718   0x0000000e   Code   RO          272    i._is_digit         c_w.l(__printf_wp.o)
    0x08002726   0x08002726   0x00000002   PAD
    0x08002728   0x08002728   0x0000002c   Code   RO          476    locale$$code        c_w.l(lc_numeric_c.o)
    0x08002754   0x08002754   0x0000002c   Code   RO          511    locale$$code        c_w.l(lc_ctype_c.o)
    0x08002780   0x08002780   0x00000062   Code   RO          180    x$fpl$d2f           fz_wm.l(d2f.o)
    0x080027e2   0x080027e2   0x0000009c   Code   RO          356    x$fpl$dnaninf       fz_wm.l(dnaninf.o)
    0x0800287e   0x0800287e   0x0000001a   Code   RO          428    x$fpl$fpinit        fz_wm.l(fpinit.o)
    0x08002898   0x08002898   0x0000000a   Code   RO          358    x$fpl$fretinf       fz_wm.l(fretinf.o)
    0x080028a2   0x080028a2   0x00000004   Code   RO          360    x$fpl$printf1       fz_wm.l(printf1.o)
    0x080028a6   0x080028a6   0x00000004   Code   RO          362    x$fpl$printf2       fz_wm.l(printf2.o)
    0x080028aa   0x080028aa   0x00000000   Code   RO          368    x$fpl$usenofp       fz_wm.l(usenofp.o)
    0x080028aa   0x080028aa   0x00000002   PAD
    0x080028ac   0x080028ac   0x00000008   Data   RO          231    .constdata          c_w.l(_printf_wctomb.o)
    0x080028b4   0x080028b4   0x00000028   Data   RO          260    .constdata          c_w.l(_printf_hex_int_ll_ptr.o)
    0x080028dc   0x080028dc   0x00000011   Data   RO          280    .constdata          c_w.l(__printf_flags_ss_wp.o)
    0x080028ed   0x080028ed   0x00000026   Data   RO          408    .constdata          c_w.l(_printf_fp_hex.o)
    0x08002913   0x08002913   0x00000001   PAD
    0x08002914   0x08002914   0x00000094   Data   RO          449    .constdata          c_w.l(bigflt0.o)
    0x080029a8   0x080029a8   0x00000002   Data   RO           18    .rodata.str1.1      main.o
    0x080029aa   0x080029aa   0x00000003   Data   RO           50    .rodata.str1.1      lcd.o
    0x080029ad   0x080029ad   0x00000003   PAD
    0x080029b0   0x080029b0   0x00000020   Data   RO          570    Region$$Table       anon$$obj.o
    0x080029d0   0x080029d0   0x0000001c   Data   RO          475    locale$$data        c_w.l(lc_numeric_c.o)
    0x080029ec   0x080029ec   0x00000110   Data   RO          510    locale$$data        c_w.l(lc_ctype_c.o)


    Execution Region ER_RW (Exec base: 0x20000000, Load base: 0x08002afc, Size: 0x00000020, Max: 0xffffffff, ABSOLUTE)

    Exec Addr    Load Addr    Size         Type   Attr      Idx    E Section Name        Object

    0x20000000   0x08002afc   0x0000000c   Data   RW           67    .data.GPIO_PORTS    gpio.o
    0x2000000c   0x08002b08   0x0000000c   Data   RW           66    .data.RCC_AHB1ENR_GPIOEN  gpio.o
    0x20000018   0x08002b14   0x00000004   Data   RW           16    .data.freq          main.o
    0x2000001c   0x08002b18   0x00000004   Data   RW           17    .data.line          main.o


    Execution Region ER_ZI (Exec base: 0x20000020, Load base: 0x08002b1c, Size: 0x00000668, Max: 0xffffffff, ABSOLUTE)

    Exec Addr    Load Addr    Size         Type   Attr      Idx    E Section Name        Object

    0x20000020        -       0x00000060   Zero   RW          374    .bss                c_w.l(libspace.o)
    0x20000080        -       0x00000004   Zero   RW           49    .bss.printed_length  lcd.o
    0x20000084   0x08002b1c   0x00000004   PAD
    0x20000088        -       0x00000200   Zero   RW           94    HEAP                startup_stm32f401xe.o
    0x20000288        -       0x00000400   Zero   RW           93    STACK               startup_stm32f401xe.o


==============================================================================

Image component sizes


      Code (inc. data)   RO Data    RW Data    ZI Data      Debug   Object Name

       378          0          0          0          0       5058   exti.o
       322          0          0         24          0       2571   gpio.o
       750          0          3          0          4       3351   lcd.o
       820         20          2          8          0       5563   main.o
        64         26        404          0       1536        940   startup_stm32f401xe.o
        18          0          0          0          0       2764   system_stm32f4xx.o

    ----------------------------------------------------------------------
      2372         46        444         32       1544      20247   Object Totals
         0          0         32          0          0          0   (incl. Generated)
        20          0          3          0          4          0   (incl. Padding)

    ----------------------------------------------------------------------

      Code (inc. data)   RO Data    RW Data    ZI Data      Debug   Library Member Name

         8          0          0          0          0         68   __main.o
       392          4         17          0          0         92   __printf_flags_ss_wp.o
        14          0          0          0          0         68   __printf_wp.o
         0          0          0          0          0          0   __rtentry.o
        12          0          0          0          0          0   __rtentry2.o
         6          0          0          0          0          0   __rtentry4.o
        52          8          0          0          0          0   __scatter.o
        26          0          0          0          0          0   __scatter_copy.o
        28          0          0          0          0          0   __scatter_zi.o
        72          0          0          0          0         96   _c16rtomb.o
         6          0          0          0          0          0   _printf_a.o
         6          0          0          0          0          0   _printf_c.o
        44          0          0          0          0        108   _printf_char.o
        48          6          0          0          0         96   _printf_char_common.o
        40          0          0          0          0         68   _printf_charcount.o
         6          0          0          0          0          0   _printf_d.o
       120         16          0          0          0         92   _printf_dec.o
         6          0          0          0          0          0   _printf_e.o
         6          0          0          0          0          0   _printf_f.o
      1052          0          0          0          0        148   _printf_fp_dec.o
       764          8         38          0          0        100   _printf_fp_hex.o
       128         16          0          0          0         84   _printf_fp_infnan.o
         6          0          0          0          0          0   _printf_g.o
       148          4         40          0          0        160   _printf_hex_int_ll_ptr.o
         6          0          0          0          0          0   _printf_i.o
       178          0          0          0          0         88   _printf_intcommon.o
        10          0          0          0          0          0   _printf_l.o
         6          0          0          0          0          0   _printf_lc.o
        10          0          0          0          0          0   _printf_ll.o
         6          0          0          0          0          0   _printf_lld.o
         6          0          0          0          0          0   _printf_lli.o
         6          0          0          0          0          0   _printf_llo.o
         6          0          0          0          0          0   _printf_llu.o
         6          0          0          0          0          0   _printf_llx.o
       124         16          0          0          0         92   _printf_longlong_dec.o
         6          0          0          0          0          0   _printf_ls.o
         6          0          0          0          0          0   _printf_n.o
         6          0          0          0          0          0   _printf_o.o
       112          8          0          0          0        124   _printf_oct_int_ll.o
         6          0          0          0          0          0   _printf_p.o
        78          0          0          0          0        108   _printf_pad.o
         0          0          0          0          0          0   _printf_percent.o
         4          0          0          0          0          0   _printf_percent_end.o
         6          0          0          0          0          0   _printf_s.o
        82          0          0          0          0         80   _printf_str.o
        36          0          0          0          0         84   _printf_truncate.o
         6          0          0          0          0          0   _printf_u.o
        44          0          0          0          0        108   _printf_wchar.o
       188          6          8          0          0         92   _printf_wctomb.o
         6          0          0          0          0          0   _printf_x.o
        10          0          0          0          0         68   _sputc.o
       228          4        148          0          0         96   bigflt0.o
      1936        128          0          0          0        668   btod.o
        10          0          0          0          0         68   defsig_exit.o
        50          0          0          0          0         88   defsig_general.o
        80         58          0          0          0         76   defsig_rtmem_inner.o
        14          0          0          0          0         80   defsig_rtmem_outer.o
        18          0          0          0          0         80   exit.o
        94          0          0          0          0         80   h1_alloc.o
        52          0          0          0          0         68   h1_extend.o
        78          0          0          0          0         80   h1_free.o
        14          0          0          0          0         84   h1_init.o
         6          0          0          0          0        152   heapauxi.o
         4          0          0          0          0        136   hguard.o
         0          0          0          0          0          0   indicate_semi.o
       138          0          0          0          0        168   init_alloc.o
        44         10        272          0          0         76   lc_ctype_c.o
        44         10         28          0          0         76   lc_numeric_c.o
         2          0          0          0          0          0   libinit.o
        42          0          0          0          0          0   libinit2.o
         2          0          0          0          0          0   libshutdown.o
         2          0          0          0          0          0   libshutdown2.o
         8          4          0          0         96         68   libspace.o
       138          0          0          0          0         80   lludiv10.o
         0          0          0          0          0          0   maybetermalloc1.o
        16          4          0          0          0         76   rt_ctype_table.o
         8          4          0          0          0         68   rt_heap_descriptor_intlibspace.o
         8          4          0          0          0         68   rt_locale_intlibspace.o
         2          0          0          0          0          0   rtexit.o
        10          0          0          0          0          0   rtexit2.o
        44          6          0          0          0         84   sprintf.o
       124          0          0          0          0         88   strcmpv7em.o
        12          4          0          0          0         68   sys_exit.o
        74          0          0          0          0         80   sys_stackheap_outer.o
        14          0          0          0          0         76   sys_wrch.o
         2          0          0          0          0         68   use_no_semi.o
        98          4          0          0          0        140   d2f.o
       156          4          0          0          0        140   dnaninf.o
        26          0          0          0          0        116   fpinit.o
        10          0          0          0          0        116   fretinf.o
         4          0          0          0          0        116   printf1.o
         4          0          0          0          0        116   printf2.o
         0          0          0          0          0          0   usenofp.o
        48          0          0          0          0        124   fpclassify.o

    ----------------------------------------------------------------------
      7636        336        552          0         96       5792   Library Totals
        22          0          1          0          0          0   (incl. Padding)

    ----------------------------------------------------------------------

      Code (inc. data)   RO Data    RW Data    ZI Data      Debug   Library Name

      7268        328        551          0         96       4924   c_w.l
       298          8          0          0          0        744   fz_wm.l
        48          0          0          0          0        124   m_wm.l

    ----------------------------------------------------------------------
      7636        336        552          0         96       5792   Library Totals

    ----------------------------------------------------------------------

==============================================================================


      Code (inc. data)   RO Data    RW Data    ZI Data      Debug   

     10008        382        996         32       1640      22755   Grand Totals
     10008        382        996         32       1640      22755   ELF Image Totals
     10008        382        996         32          0          0   ROM Totals

==============================================================================

    Total RO  Size (Code + RO Data)                11004 (  10.75kB)
    Total RW  Size (RW Data + ZI Data)              1672 (   1.63kB)
    Total ROM Size (Code + RO Data + RW Data)      11036 (  10.78kB)

==============================================================================

