<html>
<body>
<pre>
<h1>µVision Build Log</h1>
<h2>Tool Versions:</h2>
IDE-Version: µVision V5.38.0.0
Copyright (C) 2022 ARM Ltd and ARM Germany GmbH. All rights reserved.
License Information: Erfan Abedi, rfAbedi, LIC=PE7DL-0F5KF-FWV2N-YV1NX-2XWRP-2DUZT
 
Tool Versions:
Toolchain:       MDK-ARM Plus  Version: 5.38.0.0
Toolchain Path:  C:\Program Files\Keil_v5\ARM\ARMCLANG\Bin
C Compiler:      ArmClang.exe V6.19
Assembler:       Armasm.exe V6.19
Linker/Locator:  ArmLink.exe V6.19
Library Manager: ArmAr.exe V6.19
Hex Converter:   FromElf.exe V6.19
CPU DLL:         SARMCM3.DLL V5.38.0.0
Dialog DLL:      DCM.DLL V1.17.5.0
Target DLL:      UL2CM3.DLL V1.164.8.0
Dialog DLL:      TCM.DLL V1.56.4.0
 
<h2>Project:</h2>
C:\Users\ROG\Documents\Erfun\University\Semester 5th\Micro\HW\Micro-Archive\Lab4\MAIN\MAIN.uvprojx
Project File Date:  11/11/2023

<h2>Output:</h2>
*** Using Compiler 'V6.19', folder: 'C:\Program Files\Keil_v5\ARM\ARMCLANG\Bin'
Build target 'Target 1'
"MAIN.s", line 289: Warning: A1581W: Added 2 bytes of padding at address 0x19a
  289 0000019c   END
0 Errors, 1 Warning
assembling MAIN.s...
linking...
.\Objects\MAIN.sct(8): warning: L6314W: No section matches pattern *(InRoot$$Sections).
Program Size: Code=424 RO-data=12 RW-data=112 ZI-data=1024  
Finished: 0 information, 1 warning and 0 error messages.
".\Objects\MAIN.axf" - 0 Error(s), 1 Warning(s).

<h2>Software Packages used:</h2>

Package Vendor: Keil
                http://www.keil.com/pack/Keil.STM32F4xx_DFP.2.16.0.pack
                Keil.STM32F4xx_DFP.2.16.0
                STMicroelectronics STM32F4 Series Device Support, Drivers and Examples

<h2>Collection of Component include folders:</h2>
  C:/Users/ROG/AppData/Local/Arm/Packs/Keil/STM32F4xx_DFP/2.16.0/Drivers/CMSIS/Device/ST/STM32F4xx/Include

<h2>Collection of Component Files used:</h2>
Build Time Elapsed:  00:00:00
</pre>
</body>
</html>
