<!doctype html public "-//w3c//dtd html 4.0 transitional//en">
<html><head>
<title>Static Call Graph - [.\Objects\MAIN.axf]</title></head>
<body><HR>
<H1>Static Call Graph for image .\Objects\MAIN.axf</H1><HR>
<BR><P>#&#060CALLGRAPH&#062# ARM Linker, 6190004: Last Updated: Sat Nov 11 22:18:39 2023
<BR><P>
<H3>Maximum Stack Usage =          0 bytes + Unknown(Functions without stacksize, Untraceable Function Pointers)</H3><H3>
Call chain for Maximum Stack Depth:</H3>

<P>
<H3>
Functions with no stack information
</H3><UL>
 <LI><a href="#[0]">Reset_Handler</a>
</UL>
</UL>
<P>
<H3>
Function Pointers
</H3><UL>
 <LI><a href="#[0]">Reset_Handler</a> from main.o(MAIN) referenced from main.o(RESET)
</UL>
<P>
<H3>
Global Symbols
</H3>
<P><STRONG><a name="[0]"></a>Reset_Handler</STRONG> (Thumb, 0 bytes, Stack size unknown bytes, main.o(MAIN))
<BR><BR>[Calls]<UL><LI><a href="#[4]">&gt;&gt;</a>&nbsp;&nbsp;&nbsp;STR_BINOMIAL_EQ
<LI><a href="#[1]">&gt;&gt;</a>&nbsp;&nbsp;&nbsp;KHPA
</UL>
<BR>[Address Reference Count : 1]<UL><LI> main.o(RESET)
</UL><P>
<H3>
Local Symbols
</H3>
<P><STRONG><a name="[1]"></a>KHPA</STRONG> (Thumb, 50 bytes, Stack size 0 bytes, main.o(MAIN))
<BR><BR>[Calls]<UL><LI><a href="#[2]">&gt;&gt;</a>&nbsp;&nbsp;&nbsp;PASCAL
</UL>
<BR>[Called By]<UL><LI><a href="#[0]">&gt;&gt;</a>&nbsp;&nbsp;&nbsp;Reset_Handler
</UL>

<P><STRONG><a name="[2]"></a>PASCAL</STRONG> (Thumb, 68 bytes, Stack size 0 bytes, main.o(MAIN))
<BR><BR>[Calls]<UL><LI><a href="#[7]">&gt;&gt;</a>&nbsp;&nbsp;&nbsp;DIV
<LI><a href="#[3]">&gt;&gt;</a>&nbsp;&nbsp;&nbsp;FACT
</UL>
<BR>[Called By]<UL><LI><a href="#[1]">&gt;&gt;</a>&nbsp;&nbsp;&nbsp;KHPA
</UL>

<P><STRONG><a name="[3]"></a>FACT</STRONG> (Thumb, 22 bytes, Stack size 0 bytes, main.o(MAIN))
<BR><BR>[Called By]<UL><LI><a href="#[2]">&gt;&gt;</a>&nbsp;&nbsp;&nbsp;PASCAL
</UL>

<P><STRONG><a name="[4]"></a>STR_BINOMIAL_EQ</STRONG> (Thumb, 156 bytes, Stack size 0 bytes, main.o(MAIN))
<BR><BR>[Calls]<UL><LI><a href="#[6]">&gt;&gt;</a>&nbsp;&nbsp;&nbsp;BCD_TO_ASCII_AND_STR
<LI><a href="#[5]">&gt;&gt;</a>&nbsp;&nbsp;&nbsp;STR_AND_INDEX
</UL>
<BR>[Called By]<UL><LI><a href="#[0]">&gt;&gt;</a>&nbsp;&nbsp;&nbsp;Reset_Handler
</UL>

<P><STRONG><a name="[5]"></a>STR_AND_INDEX</STRONG> (Thumb, 10 bytes, Stack size 0 bytes, main.o(MAIN))
<BR><BR>[Called By]<UL><LI><a href="#[4]">&gt;&gt;</a>&nbsp;&nbsp;&nbsp;STR_BINOMIAL_EQ
</UL>

<P><STRONG><a name="[6]"></a>BCD_TO_ASCII_AND_STR</STRONG> (Thumb, 48 bytes, Stack size 0 bytes, main.o(MAIN))
<BR><BR>[Calls]<UL><LI><a href="#[7]">&gt;&gt;</a>&nbsp;&nbsp;&nbsp;DIV
</UL>
<BR>[Called By]<UL><LI><a href="#[4]">&gt;&gt;</a>&nbsp;&nbsp;&nbsp;STR_BINOMIAL_EQ
</UL>

<P><STRONG><a name="[7]"></a>DIV</STRONG> (Thumb, 44 bytes, Stack size 0 bytes, main.o(MAIN))
<BR><BR>[Called By]<UL><LI><a href="#[6]">&gt;&gt;</a>&nbsp;&nbsp;&nbsp;BCD_TO_ASCII_AND_STR
<LI><a href="#[2]">&gt;&gt;</a>&nbsp;&nbsp;&nbsp;PASCAL
</UL>
<P>
<H3>
Undefined Global Symbols
</H3><HR></body></html>
