<html>
<body>
<pre>
<h1>µVision Build Log</h1>
<h2>Tool Versions:</h2>
IDE-Version: µVision V5.38.0.0
Copyright (C) 2022 ARM Ltd and ARM Germany GmbH. All rights reserved.
License Information: Shayan Kebriti, Shayan, LIC=82B1Q-NZ9MT-HA4D7-EAUXG-9ZMP6-L6WQ7
 
Tool Versions:
Toolchain:       DK-ARM Developers Kit  Version: 5.38.0.0
Toolchain Path:  C:\Keil_v5\ARM\ARMCLANG\Bin
C Compiler:      ArmClang.exe V6.19
Assembler:       Armasm.exe V6.19
Linker/Locator:  ArmLink.exe V6.19
Library Manager: ArmAr.exe V6.19
Hex Converter:   FromElf.exe V6.19
CPU DLL:         SARMCM3.DLL V5.38.0.0
Dialog DLL:      DCM.DLL V1.17.5.0
Target DLL:      UL2CM3.DLL V1.164.8.0
Dialog DLL:      TCM.DLL V1.56.4.0
 
<h2>Project:</h2>
C:\Users\Kebri\Desktop\Micro-Archive\Lab5\Keil\Lab5.uvprojx
Project File Date:  11/17/2023

<h2>Output:</h2>
*** Using Compiler 'V6.19', folder: 'C:\Keil_v5\ARM\ARMCLANG\Bin'
Build target 'Target 1'
assembling startup_stm32f401xe.s...
compiling system_stm32f4xx.c...
main.c(7): warning: no previous prototype for function 'pascal' [-Wmissing-prototypes]
int pascal(int row, int col) {
    ^
main.c(7): note: declare 'static' if the function is not intended to be used outside of this translation unit
int pascal(int row, int col) {
^
static 
main.c(15): warning: variable declaration in for loop is a C99-specific feature [-Wc99-extensions]
    for (int i = 1; i <= n; i++) {
         ^
main.c(15): warning: GCC does not allow variable declarations in for loop initializers before C99 [-Wgcc-compat]
main.c(14): warning: no previous prototype for function 'KHPA' [-Wmissing-prototypes]
void KHPA(int n) {
     ^
main.c(14): note: declare 'static' if the function is not intended to be used outside of this translation unit
void KHPA(int n) {
^
static 
main.c(20): warning: no previous prototype for function 'KHTEXT' [-Wmissing-prototypes]
int KHTEXT(int n, int m) {
    ^
main.c(20): note: declare 'static' if the function is not intended to be used outside of this translation unit
int KHTEXT(int n, int m) {
^
static 
main.c(30): warning: no newline at end of file [-Wnewline-eof]
}
 ^
main.c(5): warning: no previous extern declaration for non-static variable 'COEFS' [-Wmissing-variable-declarations]
int COEFS[10];
    ^
main.c(5): note: declare 'static' if the variable is not intended to be used outside of this translation unit
int COEFS[10];
^
7 warnings generated.
compiling main.c...
linking...
Program Size: Code=376 RO-data=420 RW-data=0 ZI-data=1632  
".\Objects\Lab5.axf" - 0 Error(s), 7 Warning(s).

<h2>Software Packages used:</h2>

Package Vendor: ARM
                http://www.keil.com/pack/ARM.CMSIS.5.9.0.pack
                ARM.CMSIS.5.9.0
                CMSIS (Common Microcontroller Software Interface Standard)
   * Component: CORE Version: 5.6.0

Package Vendor: Keil
                https://www.keil.com/pack/Keil.STM32F4xx_DFP.2.17.1.pack
                Keil.STM32F4xx_DFP.2.17.1
                STMicroelectronics STM32F4 Series Device Support, Drivers and Examples
   * Component: Startup Version: 2.6.3

<h2>Collection of Component include folders:</h2>
  ./RTE/_Target_1
  C:/Users/Kebri/AppData/Local/Arm/Packs/ARM/CMSIS/5.9.0/CMSIS/Core/Include
  C:/Users/Kebri/AppData/Local/Arm/Packs/Keil/STM32F4xx_DFP/2.17.1/Drivers/CMSIS/Device/ST/STM32F4xx/Include

<h2>Collection of Component Files used:</h2>

   * Component: ARM::CMSIS:CORE:5.6.0

   * Component: Keil::Device:Startup:2.6.3
      Source file:   MDK/Device/Source/ARM/STM32F401xx_OPT.s
      Source file:   MDK/Device/Source/ARM/STM32F4xx_OTP.s
      Include file:  Drivers/CMSIS/Device/ST/STM32F4xx/Include/stm32f4xx.h
      Source file:   Drivers/CMSIS/Device/ST/STM32F4xx/Source/Templates/arm/startup_stm32f401xe.s
      Source file:   Drivers/CMSIS/Device/ST/STM32F4xx/Source/Templates/system_stm32f4xx.c
Build Time Elapsed:  00:00:02
</pre>
</body>
</html>
