Component: Arm Compiler for Embedded 6.19 Tool: armlink [5e73cb00]

==============================================================================

Section Cross References

    main.o(RESET) refers to main.o(STACK) for __initial_sp
    main.o(RESET) refers to main.o(MAIN) for Reset_Handler
    main.o(MAIN) refers to main.o(MYDATA) for COEFS
    main.o(MAIN) refers to main.o(RESET) for DATAIN


==============================================================================

Image Symbol Table

    Local Symbols

    Symbol Name                              Value     Ov Type        Size  Object(Section)

    MAIN.s                                   0x00000000   Number         0  main.o ABSOLUTE
    RESET                                    0x08000000   Section        9  main.o(RESET)
    DATAIN                                   0x08000008   Data           1  main.o(RESET)
    $v0                                      0x0800000c   Number         0  main.o(MAIN)
    MAIN                                     0x0800000c   Section      424  main.o(MAIN)
    KHPA                                     0x08000019   Thumb Code    50  main.o(MAIN)
    PASCAL                                   0x0800004b   Thumb Code    68  main.o(MAIN)
    FACT                                     0x0800008f   Thumb Code    22  main.o(MAIN)
    STR_BINOMIAL_EQ                          0x080000a5   Thumb Code   156  main.o(MAIN)
    STR_AND_INDEX                            0x08000141   Thumb Code    10  main.o(MAIN)
    BCD_TO_ASCII_AND_STR                     0x0800014b   Thumb Code    48  main.o(MAIN)
    DIV                                      0x0800017b   Thumb Code    44  main.o(MAIN)
    COEFS                                    0x20000000   Data           9  main.o(MYDATA)
    MYDATA                                   0x20000000   Section      109  main.o(MYDATA)
    KPSTR                                    0x20000009   Data         100  main.o(MYDATA)
    STACK                                    0x20000070   Section     1024  main.o(STACK)
    __initial_sp                             0x20000470   Data           0  main.o(STACK)

    Global Symbols

    Symbol Name                              Value     Ov Type        Size  Object(Section)

    BuildAttributes$$THM_ISAv4$E$P$D$K$B$S$7EM$VFPi3$EXTD16$VFPS$VFMA$PE$A:L22UL41UL21$X:L11$S22US41US21$IEEE1$~IW$USESV6$~STKCKD$USESV7$~SHL$OSPACE$EBA8$STANDARDLIB$PRES8$EABIv2 0x00000000   Number         0  anon$$obj.o ABSOLUTE
    __Vectors                                0x08000000   Data           4  main.o(RESET)
    Reset_Handler                            0x0800000d   Thumb Code     0  main.o(MAIN)



==============================================================================

Memory Map of the image

  Image Entry point : 0x0800000d

  Load Region LR_IROM1 (Base: 0x08000000, Size: 0x00000228, Max: 0x00080000, ABSOLUTE)

    Execution Region ER_IROM1 (Exec base: 0x08000000, Load base: 0x08000000, Size: 0x000001b4, Max: 0x00080000, ABSOLUTE)

    Exec Addr    Load Addr    Size         Type   Attr      Idx    E Section Name        Object

    0x08000000   0x08000000   0x00000009   Data   RO            2    RESET               main.o
    0x08000009   0x08000009   0x00000003   PAD
    0x0800000c   0x0800000c   0x000001a8   Code   RO            4  * MAIN                main.o


    Execution Region RW_IRAM1 (Exec base: 0x20000000, Load base: 0x080001b8, Size: 0x00000470, Max: 0x00018000, ABSOLUTE)

    Exec Addr    Load Addr    Size         Type   Attr      Idx    E Section Name        Object

    0x20000000   0x080001b8   0x0000006d   Data   RW            3    MYDATA              main.o
    0x2000006d   0x08000225   0x00000003   PAD
    0x20000070        -       0x00000400   Zero   RW            1    STACK               main.o


==============================================================================

Image component sizes


      Code (inc. data)   RO Data    RW Data    ZI Data      Debug   Object Name

       424         14          9        109       1024        768   main.o

    ----------------------------------------------------------------------
       424         14         12        112       1024        768   Object Totals
         0          0          0          0          0          0   (incl. Generated)
         0          0          3          3          0          0   (incl. Padding)

    ----------------------------------------------------------------------
         0          0          0          0          0          0   Library Totals
         0          0          0          0          0          0   (incl. Padding)

    ----------------------------------------------------------------------

==============================================================================


      Code (inc. data)   RO Data    RW Data    ZI Data      Debug   

       424         14         12        112       1024        768   Grand Totals
       424         14         12        112       1024        768   ELF Image Totals
       424         14         12        112          0          0   ROM Totals

==============================================================================

    Total RO  Size (Code + RO Data)                  436 (   0.43kB)
    Total RW  Size (RW Data + ZI Data)              1136 (   1.11kB)
    Total ROM Size (Code + RO Data + RW Data)        548 (   0.54kB)

==============================================================================

