<html>
<body>
<pre>
<h1>µVision Build Log</h1>
<h2>Tool Versions:</h2>
IDE-Version: µVision V5.38.0.0
Copyright (C) 2022 ARM Ltd and ARM Germany GmbH. All rights reserved.
License Information: Erfan Abedi, rfAbedi, LIC=PE7DL-0F5KF-FWV2N-YV1NX-2XWRP-2DUZT
 
Tool Versions:
Toolchain:       MDK-ARM Plus  Version: 5.38.0.0
Toolchain Path:  C:\Program Files\Keil_v5\ARM\ARMCLANG\Bin
C Compiler:      ArmClang.exe V6.19
Assembler:       Armasm.exe V6.19
Linker/Locator:  ArmLink.exe V6.19
Library Manager: ArmAr.exe V6.19
Hex Converter:   FromElf.exe V6.19
CPU DLL:         SARMCM3.DLL V5.38.0.0
Dialog DLL:      DCM.DLL V1.17.5.0
Target DLL:      UL2CM3.DLL V1.164.8.0
Dialog DLL:      TCM.DLL V1.56.4.0
 
<h2>Project:</h2>
C:\Users\ROG\Documents\Erfun\University\Semester 5th\Microprocessors\HW\Micro-Archive\Lab7\Keil\Lab7.uvprojx
Project File Date:  12/09/2023

<h2>Output:</h2>
*** Using Compiler 'V6.19', folder: 'C:\Program Files\Keil_v5\ARM\ARMCLANG\Bin'
Rebuild target 'Target 1'
assembling startup_stm32f401xe.s...
compiling EXTI.c...
LCD.c(1): warning: In file included from...
./LCD.h(24): warning: no newline at end of file [-Wnewline-eof]
#endif /* INC_LCD_H_ */
                       ^
LCD.c(5): warning: no previous extern declaration for non-static variable 'printed_length' [-Wmissing-variable-declarations]
int printed_length = 0;
    ^
LCD.c(5): note: declare 'static' if the variable is not intended to be used outside of this translation unit
int printed_length = 0;
^
LCD.c(10): warning: implicitly declaring library function 'malloc' with type 'void *(unsigned int)' [-Wimplicit-function-declaration]
        char* str = (char*)malloc(digits * sizeof(char));
                           ^
LCD.c(10): note: include the header <stdlib.h> or explicitly provide a declaration for 'malloc'
LCD.c(10): warning: implicit conversion changes signedness: 'int' to 'unsigned int' [-Wsign-conversion]
        char* str = (char*)malloc(digits * sizeof(char));
                                  ^~~~~~ ~
LCD.c(11): warning: implicitly declaring library function 'sprintf' with type 'int (char *, const char *, ...)' [-Wimplicit-function-declaration]
        sprintf(str, "%d", num);
        ^
LCD.c(11): note: include the header <stdio.h> or explicitly provide a declaration for 'sprintf'
LCD.c(16): warning: variable declaration in for loop is a C99-specific feature [-Wc99-extensions]
        for(int i=0;; i++) {
            ^
LCD.c(16): warning: GCC does not allow variable declarations in for loop initializers before C99 [-Wgcc-compat]
LCD.c(56): warning: implicit conversion changes signedness: 'int' to 'unsigned int' [-Wsign-conversion]
        GPIOC->MODER &= ~0x0000FFFF; /* clear pin mode */
                     ~~ ^~~~~~~~~~~
LCD.c(63): warning: implicit conversion loses integer precision: 'volatile uint32_t' (aka 'volatile unsigned int') to 'char' [-Wimplicit-int-conversion]
        status = GPIOC->IDR; /* read status register */
               ~ ~~~~~~~^~~
LCD.c(128): warning: implicit conversion changes signedness: 'int' to 'unsigned int' [-Wsign-conversion]
        GPIOB->MODER &= ~0x0000FC00; /* clear pin mode */
                     ~~ ^~~~~~~~~~~
LCD.c(135): warning: implicit conversion changes signedness: 'int' to 'unsigned int' [-Wsign-conversion]
        GPIOC->MODER &= ~0x0000FFFF; /* clear pin mode */
                     ~~ ^~~~~~~~~~~
11 warnings generated.
compiling LCD.c...
RTE/Device/STM32F401RETx/system_stm32f4xx.c(48): warning: In file included from...
C:/Users/ROG/AppData/Local/Arm/Packs/Keil/STM32F4xx_DFP/2.16.0/Drivers/CMSIS/Device/ST/STM32F4xx/Include\stm32f4xx.h(11): warning: invalid UTF-8 in comment [-Winvalid-utf8]
  *              - To use or not the peripheral<92>s drivers in application code(i.e. 
                                               ^
C:/Users/ROG/AppData/Local/Arm/Packs/Keil/STM32F4xx_DFP/2.16.0/Drivers/CMSIS/Device/ST/STM32F4xx/Include\stm32f4xx.h(12): warning: invalid UTF-8 in comment [-Winvalid-utf8]
  *                code will be based on direct access to peripheral<92>s registers 
                                                                    ^
2 warnings generated.
compiling system_stm32f4xx.c...
GPIO.c(10): warning: In file included from...
./GPIO.h(19): warning: // comments are not allowed in this language [-Wcomment]
// Mode Types
^
1 warning generated.
compiling GPIO.c...
main.c(16): warning: In file included from...
C:/Users/ROG/AppData/Local/Arm/Packs/Keil/STM32F4xx_DFP/2.16.0/Drivers/CMSIS/Device/ST/STM32F4xx/Include\stm32f4xx.h(11): warning: invalid UTF-8 in comment [-Winvalid-utf8]
  *              - To use or not the peripheral<92>s drivers in application code(i.e. 
                                               ^
C:/Users/ROG/AppData/Local/Arm/Packs/Keil/STM32F4xx_DFP/2.16.0/Drivers/CMSIS/Device/ST/STM32F4xx/Include\stm32f4xx.h(12): warning: invalid UTF-8 in comment [-Winvalid-utf8]
  *                code will be based on direct access to peripheral<92>s registers 
                                                                    ^
main.c(17): warning: In file included from...
./LCD.h(24): warning: no newline at end of file [-Wnewline-eof]
#endif /* INC_LCD_H_ */
                       ^
main.c(18): warning: In file included from...
./GPIO.h(19): warning: // comments are not allowed in this language [-Wcomment]
// Mode Types
^
main.c(26): warning: no previous extern declaration for non-static variable 'freq' [-Wmissing-variable-declarations]
float freq = 0.5; /* FREQUENCY OF LCD */
      ^
main.c(26): note: declare 'static' if the variable is not intended to be used outside of this translation unit
float freq = 0.5; /* FREQUENCY OF LCD */
^
main.c(27): warning: no previous extern declaration for non-static variable 'line' [-Wmissing-variable-declarations]
int line=1; /* LINE OF TRIANGLE*/
    ^
main.c(27): note: declare 'static' if the variable is not intended to be used outside of this translation unit
int line=1; /* LINE OF TRIANGLE*/
^
main.c(32): warning: // comments are not allowed in this language [-Wcomment]
        // Init SevenSegment
        ^
main.c(58): warning: implicit conversion changes signedness: 'int' to 'unsigned int' [-Wsign-conversion]
                GPIOA->MODER &= ~0x00000C00;
                             ~~ ^~~~~~~~~~~
main.c(63): warning: implicit conversion turns floating-point number into integer: 'float' to 'uint32_t' (aka 'unsigned int') [-Wfloat-conversion]
                TIM2->ARR = 1000 / freq - 1; /* divided by 1000 */
                          ~ ~~~~~~~~~~~~^~~
main.c(36): warning: mixing declarations and code is a C99 extension [-Wdeclaration-after-statement]
        char i;
             ^
main.c(77): warning: variable declaration in for loop is a C99-specific feature [-Wc99-extensions]
        for (int i = 1; i <= n; i++) {
             ^
main.c(77): warning: GCC does not allow variable declarations in for loop initializers before C99 [-Wgcc-compat]
main.c(97): warning: comparing floating point with == or != is unsafe [-Wfloat-equal]
                freq = (freq == 1) ? 0.5 : 1;
                        ~~~~ ^  ~
main.c(102): warning: no newline at end of file [-Wnewline-eof]
}
 ^
14 warnings generated.
compiling main.c...
linking...
Program Size: Code=10008 RO-data=996 RW-data=32 ZI-data=1640  
FromELF: creating hex file...
".\Objects\Lab7.axf" - 0 Error(s), 28 Warning(s).

<h2>Software Packages used:</h2>

Package Vendor: ARM
                http://www.keil.com/pack/ARM.CMSIS.5.9.0.pack
                ARM.CMSIS.5.9.0
                CMSIS (Common Microcontroller Software Interface Standard)
   * Component: CORE Version: 5.6.0

Package Vendor: Keil
                http://www.keil.com/pack/Keil.STM32F4xx_DFP.2.16.0.pack
                Keil.STM32F4xx_DFP.2.16.0
                STMicroelectronics STM32F4 Series Device Support, Drivers and Examples
   * Component: Startup Version: 2.6.3

<h2>Collection of Component include folders:</h2>
  ./RTE/_Target_1
  C:/Users/ROG/AppData/Local/Arm/Packs/ARM/CMSIS/5.9.0/CMSIS/Core/Include
  C:/Users/ROG/AppData/Local/Arm/Packs/Keil/STM32F4xx_DFP/2.16.0/Drivers/CMSIS/Device/ST/STM32F4xx/Include

<h2>Collection of Component Files used:</h2>

   * Component: ARM::CMSIS:CORE:5.6.0

   * Component: Keil::Device:Startup:2.6.3
      Source file:   MDK/Device/Source/ARM/STM32F401xx_OPT.s
      Source file:   Drivers/CMSIS/Device/ST/STM32F4xx/Source/Templates/arm/startup_stm32f401xe.s
      Include file:  Drivers/CMSIS/Device/ST/STM32F4xx/Include/stm32f4xx.h
      Source file:   MDK/Device/Source/ARM/STM32F4xx_OTP.s
      Source file:   Drivers/CMSIS/Device/ST/STM32F4xx/Source/Templates/system_stm32f4xx.c
Build Time Elapsed:  00:00:01
</pre>
</body>
</html>
