<html>
<body>
<pre>
<h1>µVision Build Log</h1>
<h2>Tool Versions:</h2>
IDE-Version: µVision V5.38.0.0
Copyright (C) 2022 ARM Ltd and ARM Germany GmbH. All rights reserved.
License Information: Shayan Kebriti, Shayan, LIC=82B1Q-NZ9MT-HA4D7-EAUXG-9ZMP6-L6WQ7
 
Tool Versions:
Toolchain:       DK-ARM Developers Kit  Version: 5.38.0.0
Toolchain Path:  C:\Keil_v5\ARM\ARMCLANG\Bin
C Compiler:      ArmClang.exe V6.19
Assembler:       Armasm.exe V6.19
Linker/Locator:  ArmLink.exe V6.19
Library Manager: ArmAr.exe V6.19
Hex Converter:   FromElf.exe V6.19
CPU DLL:         SARMCM3.DLL V5.38.0.0
Dialog DLL:      DCM.DLL V1.17.5.0
Target DLL:      UL2CM3.DLL V1.164.8.0
Dialog DLL:      TCM.DLL V1.56.4.0
 
<h2>Project:</h2>
C:\Users\Kebri\Documents\GitHub\Micro-Archive\Lab7\Keil\Lab7.uvprojx
Project File Date:  12/08/2023

<h2>Output:</h2>
*** Using Compiler 'V6.19', folder: 'C:\Keil_v5\ARM\ARMCLANG\Bin'
Build target 'Target 1'
LCD.c(1): warning: In file included from...
./LCD.h(24): warning: no newline at end of file [-Wnewline-eof]
#endif /* INC_LCD_H_ */
                       ^
LCD.c(5): warning: no previous extern declaration for non-static variable 'printed_length' [-Wmissing-variable-declarations]
int printed_length = 0;
    ^
LCD.c(5): note: declare 'static' if the variable is not intended to be used outside of this translation unit
int printed_length = 0;
^
LCD.c(10): warning: implicitly declaring library function 'malloc' with type 'void *(unsigned int)' [-Wimplicit-function-declaration]
        char* str = (char*)malloc(digits * sizeof(char));
                           ^
LCD.c(10): note: include the header <stdlib.h> or explicitly provide a declaration for 'malloc'
LCD.c(10): warning: implicit conversion changes signedness: 'int' to 'unsigned int' [-Wsign-conversion]
        char* str = (char*)malloc(digits * sizeof(char));
                                  ^~~~~~ ~
LCD.c(11): warning: implicitly declaring library function 'sprintf' with type 'int (char *, const char *, ...)' [-Wimplicit-function-declaration]
        sprintf(str, "%d", num);
        ^
LCD.c(11): note: include the header <stdio.h> or explicitly provide a declaration for 'sprintf'
LCD.c(16): warning: variable declaration in for loop is a C99-specific feature [-Wc99-extensions]
        for(int i=0;; i++) {
            ^
LCD.c(16): warning: GCC does not allow variable declarations in for loop initializers before C99 [-Wgcc-compat]
LCD.c(56): warning: implicit conversion changes signedness: 'int' to 'unsigned int' [-Wsign-conversion]
        GPIOC->MODER &= ~0x0000FFFF; /* clear pin mode */
                     ~~ ^~~~~~~~~~~
LCD.c(63): warning: implicit conversion loses integer precision: 'volatile uint32_t' (aka 'volatile unsigned int') to 'char' [-Wimplicit-int-conversion]
        status = GPIOC->IDR; /* read status register */
               ~ ~~~~~~~^~~
LCD.c(128): warning: implicit conversion changes signedness: 'int' to 'unsigned int' [-Wsign-conversion]
        GPIOB->MODER &= ~0x0000FC00; /* clear pin mode */
                     ~~ ^~~~~~~~~~~
LCD.c(135): warning: implicit conversion changes signedness: 'int' to 'unsigned int' [-Wsign-conversion]
        GPIOC->MODER &= ~0x0000FFFF; /* clear pin mode */
                     ~~ ^~~~~~~~~~~
11 warnings generated.
compiling LCD.c...
linking...
Program Size: Code=10008 RO-data=996 RW-data=32 ZI-data=1640  
FromELF: creating hex file...
".\Objects\Lab7.axf" - 0 Error(s), 11 Warning(s).

<h2>Software Packages used:</h2>

Package Vendor: ARM
                http://www.keil.com/pack/ARM.CMSIS.5.9.0.pack
                ARM.CMSIS.5.9.0
                CMSIS (Common Microcontroller Software Interface Standard)
   * Component: CORE Version: 5.6.0

Package Vendor: Keil
                https://www.keil.com/pack/Keil.STM32F4xx_DFP.2.17.1.pack
                Keil.STM32F4xx_DFP.2.17.1
                STMicroelectronics STM32F4 Series Device Support, Drivers and Examples
   * Component: Startup Version: 2.6.3

<h2>Collection of Component include folders:</h2>
  ./RTE/_Target_1
  C:/Users/Kebri/AppData/Local/Arm/Packs/ARM/CMSIS/5.9.0/CMSIS/Core/Include
  C:/Users/Kebri/AppData/Local/Arm/Packs/Keil/STM32F4xx_DFP/2.17.1/Drivers/CMSIS/Device/ST/STM32F4xx/Include

<h2>Collection of Component Files used:</h2>

   * Component: ARM::CMSIS:CORE:5.6.0

   * Component: Keil::Device:Startup:2.6.3
      Source file:   Drivers/CMSIS/Device/ST/STM32F4xx/Source/Templates/arm/startup_stm32f401xe.s
      Source file:   MDK/Device/Source/ARM/STM32F401xx_OPT.s
      Source file:   MDK/Device/Source/ARM/STM32F4xx_OTP.s
      Include file:  Drivers/CMSIS/Device/ST/STM32F4xx/Include/stm32f4xx.h
      Source file:   Drivers/CMSIS/Device/ST/STM32F4xx/Source/Templates/system_stm32f4xx.c
Build Time Elapsed:  00:00:01
</pre>
</body>
</html>
