Component: Arm Compiler for Embedded 6.19 Tool: armlink [5e73cb00]

==============================================================================

Section Cross References

    main.o(RESET) refers to main.o(STACK) for __initial_sp
    main.o(RESET) refers to main.o(MAIN) for Reset_Handler
    main.o(MAIN) refers to main.o(MYDATA) for COEFS


==============================================================================

Removing Unused input sections from the image.

    Removing main.o(HEAP), (512 bytes).

1 unused section(s) (total 512 bytes) removed from the image.

==============================================================================

Image Symbol Table

    Local Symbols

    Symbol Name                              Value     Ov Type        Size  Object(Section)

    main.s                                   0x00000000   Number         0  main.o ABSOLUTE
    RESET                                    0x08000000   Section        8  main.o(RESET)
    $v0                                      0x08000008   Number         0  main.o(MAIN)
    MAIN                                     0x08000008   Section      208  main.o(MAIN)
    DATAIN                                   0x080000ca   Data           1  main.o(MAIN)
    COEFS                                    0x20000000   Data          36  main.o(MYDATA)
    MYDATA                                   0x20000000   Section       36  main.o(MYDATA)
    STACK                                    0x20000028   Section     1024  main.o(STACK)
    __initial_sp                             0x20000428   Data           0  main.o(STACK)

    Global Symbols

    Symbol Name                              Value     Ov Type        Size  Object(Section)

    BuildAttributes$$THM_ISAv4$E$P$D$K$B$S$7EM$VFPi3$EXTD16$VFPS$VFMA$PE$A:L22UL41UL21$X:L11$S22US41US21$IEEE1$~IW$USESV6$~STKCKD$USESV7$~SHL$OSPACE$EBA8$STANDARDLIB$PRES8$EABIv2 0x00000000   Number         0  anon$$obj.o ABSOLUTE
    __Vectors_Size                           0x00000008   Number         0  main.o ABSOLUTE
    __Vectors                                0x08000000   Data           4  main.o(RESET)
    Reset_Handler                            0x08000009   Thumb Code     0  main.o(MAIN)
    __Vectors_End                            0x08000008   Data           0  main.o(RESET)



==============================================================================

Memory Map of the image

  Image Entry point : 0x08000009

  Load Region LR_1 (Base: 0x08000000, Size: 0x000000fc, Max: 0xffffffff, ABSOLUTE)

    Execution Region ER_RO (Exec base: 0x08000000, Load base: 0x08000000, Size: 0x000000d8, Max: 0xffffffff, ABSOLUTE)

    Exec Addr    Load Addr    Size         Type   Attr      Idx    E Section Name        Object

    0x08000000   0x08000000   0x00000008   Data   RO            3    RESET               main.o
    0x08000008   0x08000008   0x000000d0   Code   RO            4  * MAIN                main.o


    Execution Region ER_RW (Exec base: 0x20000000, Load base: 0x080000d8, Size: 0x00000024, Max: 0xffffffff, ABSOLUTE)

    Exec Addr    Load Addr    Size         Type   Attr      Idx    E Section Name        Object

    0x20000000   0x080000d8   0x00000024   Data   RW            5    MYDATA              main.o


    Execution Region ER_ZI (Exec base: 0x20000028, Load base: 0x080000fc, Size: 0x00000400, Max: 0xffffffff, ABSOLUTE)

    Exec Addr    Load Addr    Size         Type   Attr      Idx    E Section Name        Object

    0x20000028        -       0x00000400   Zero   RW            1    STACK               main.o


==============================================================================

Image component sizes


      Code (inc. data)   RO Data    RW Data    ZI Data      Debug   Object Name

       208         14          8         36       1024        308   main.o

    ----------------------------------------------------------------------
       208         14          8         36       1024        308   Object Totals
         0          0          0          0          0          0   (incl. Generated)
         0          0          0          0          0          0   (incl. Padding)

    ----------------------------------------------------------------------
         0          0          0          0          0          0   Library Totals
         0          0          0          0          0          0   (incl. Padding)

    ----------------------------------------------------------------------

==============================================================================


      Code (inc. data)   RO Data    RW Data    ZI Data      Debug   

       208         14          8         36       1024        308   Grand Totals
       208         14          8         36       1024        308   ELF Image Totals
       208         14          8         36          0          0   ROM Totals

==============================================================================

    Total RO  Size (Code + RO Data)                  216 (   0.21kB)
    Total RW  Size (RW Data + ZI Data)              1060 (   1.04kB)
    Total ROM Size (Code + RO Data + RW Data)        252 (   0.25kB)

==============================================================================

